Archive member included to satisfy reference by file (symbol)

/usr/bin/../lib/gcc/arm-none-eabi/7.3.1/../../../../arm-none-eabi/lib/thumb/v7-m/libm.a(lib_a-s_ceil.o)
                              ../../radio/CMakeFiles/radio.dir/sx1272/sx1272.c.obj (ceil)
/usr/bin/../lib/gcc/arm-none-eabi/7.3.1/../../../../arm-none-eabi/lib/thumb/v7-m/libm.a(lib_a-s_floor.o)
                              ../../radio/CMakeFiles/radio.dir/sx1272/sx1272.c.obj (floor)
/usr/bin/../lib/gcc/arm-none-eabi/7.3.1/../../../../arm-none-eabi/lib/thumb/v7-m/libm.a(lib_a-s_round.o)
                              ../../radio/CMakeFiles/radio.dir/sx1272/sx1272.c.obj (round)
/usr/bin/../lib/gcc/arm-none-eabi/7.3.1/thumb/v7-m/libgcc.a(_arm_addsubdf3.o)
                              ../../system/CMakeFiles/system.dir/gps.c.obj (__aeabi_dadd)
/usr/bin/../lib/gcc/arm-none-eabi/7.3.1/thumb/v7-m/libgcc.a(_arm_muldivdf3.o)
                              ../../system/CMakeFiles/system.dir/gps.c.obj (__aeabi_dmul)
/usr/bin/../lib/gcc/arm-none-eabi/7.3.1/thumb/v7-m/libgcc.a(_arm_cmpdf2.o)
                              ../../system/CMakeFiles/system.dir/gps.c.obj (__aeabi_dcmpeq)
/usr/bin/../lib/gcc/arm-none-eabi/7.3.1/thumb/v7-m/libgcc.a(_arm_fixdfsi.o)
                              ../../system/CMakeFiles/system.dir/gps.c.obj (__aeabi_d2iz)
/usr/bin/../lib/gcc/arm-none-eabi/7.3.1/thumb/v7-m/libgcc.a(_arm_fixunsdfsi.o)
                              ../../radio/CMakeFiles/radio.dir/sx1272/sx1272.c.obj (__aeabi_d2uiz)
/usr/bin/../lib/gcc/arm-none-eabi/7.3.1/thumb/v7-m/libgcc.a(_arm_truncdfsf2.o)
                              ../../peripherals/CMakeFiles/peripherals.dir/mpl3115.c.obj (__aeabi_d2f)
/usr/bin/../lib/gcc/arm-none-eabi/7.3.1/thumb/v7-m/libgcc.a(_arm_addsubsf3.o)
                              ../../boards/NucleoL152/CMakeFiles/NucleoL152.dir/rtc-board.c.obj (__aeabi_fsub)
/usr/bin/../lib/gcc/arm-none-eabi/7.3.1/thumb/v7-m/libgcc.a(_arm_muldivsf3.o)
                              ../../system/CMakeFiles/system.dir/delay.c.obj (__aeabi_fmul)
/usr/bin/../lib/gcc/arm-none-eabi/7.3.1/thumb/v7-m/libgcc.a(_arm_cmpsf2.o)
                              ../../boards/NucleoL152/CMakeFiles/NucleoL152.dir/rtc-board.c.obj (__aeabi_fcmplt)
/usr/bin/../lib/gcc/arm-none-eabi/7.3.1/thumb/v7-m/libgcc.a(_arm_fixunssfsi.o)
                              ../../system/CMakeFiles/system.dir/delay.c.obj (__aeabi_f2uiz)
/usr/bin/../lib/gcc/arm-none-eabi/7.3.1/thumb/v7-m/libgcc.a(_aeabi_uldivmod.o)
                              ../../boards/NucleoL152/CMakeFiles/NucleoL152.dir/rtc-board.c.obj (__aeabi_uldivmod)
/usr/bin/../lib/gcc/arm-none-eabi/7.3.1/thumb/v7-m/libgcc.a(_udivmoddi4.o)
                              /usr/bin/../lib/gcc/arm-none-eabi/7.3.1/thumb/v7-m/libgcc.a(_aeabi_uldivmod.o) (__udivmoddi4)
/usr/bin/../lib/gcc/arm-none-eabi/7.3.1/thumb/v7-m/libgcc.a(_dvmd_tls.o)
                              /usr/bin/../lib/gcc/arm-none-eabi/7.3.1/thumb/v7-m/libgcc.a(_aeabi_uldivmod.o) (__aeabi_ldiv0)
/usr/bin/../lib/gcc/arm-none-eabi/7.3.1/../../../../arm-none-eabi/lib/thumb/v7-m/libg_nano.a(lib_a-atoi.o)
                              ../../system/CMakeFiles/system.dir/gps.c.obj (atoi)
/usr/bin/../lib/gcc/arm-none-eabi/7.3.1/../../../../arm-none-eabi/lib/thumb/v7-m/libg_nano.a(lib_a-exit.o)
                              /usr/bin/../lib/gcc/arm-none-eabi/7.3.1/../../../../arm-none-eabi/lib/thumb/v7-m/crt0.o (exit)
/usr/bin/../lib/gcc/arm-none-eabi/7.3.1/../../../../arm-none-eabi/lib/thumb/v7-m/libg_nano.a(lib_a-impure.o)
                              /usr/bin/../lib/gcc/arm-none-eabi/7.3.1/../../../../arm-none-eabi/lib/thumb/v7-m/libg_nano.a(lib_a-exit.o) (_global_impure_ptr)
/usr/bin/../lib/gcc/arm-none-eabi/7.3.1/../../../../arm-none-eabi/lib/thumb/v7-m/libg_nano.a(lib_a-init.o)
                              /usr/bin/../lib/gcc/arm-none-eabi/7.3.1/../../../../arm-none-eabi/lib/thumb/v7-m/crt0.o (__libc_init_array)
/usr/bin/../lib/gcc/arm-none-eabi/7.3.1/../../../../arm-none-eabi/lib/thumb/v7-m/libg_nano.a(lib_a-memcpy-stub.o)
                              CMakeFiles/ping-pong.dir/NucleoL152/main.c.obj (memcpy)
/usr/bin/../lib/gcc/arm-none-eabi/7.3.1/../../../../arm-none-eabi/lib/thumb/v7-m/libg_nano.a(lib_a-memset.o)
                              /usr/bin/../lib/gcc/arm-none-eabi/7.3.1/../../../../arm-none-eabi/lib/thumb/v7-m/crt0.o (memset)
/usr/bin/../lib/gcc/arm-none-eabi/7.3.1/../../../../arm-none-eabi/lib/thumb/v7-m/libg_nano.a(lib_a-printf.o)
                              ../../boards/NucleoL152/CMakeFiles/NucleoL152.dir/board.c.obj (printf)
/usr/bin/../lib/gcc/arm-none-eabi/7.3.1/../../../../arm-none-eabi/lib/thumb/v7-m/libg_nano.a(lib_a-strncmp.o)
                              CMakeFiles/ping-pong.dir/NucleoL152/main.c.obj (strncmp)
/usr/bin/../lib/gcc/arm-none-eabi/7.3.1/../../../../arm-none-eabi/lib/thumb/v7-m/libg_nano.a(lib_a-strtol.o)
[...]
Memory Configuration

Name             Origin             Length             Attributes
FLASH            0x0000000008000000 0x0000000000080000 xr
RAM              0x0000000020000000 0x0000000000014000 xrw
*default*        0x0000000000000000 0xffffffffffffffff

Linker script and memory map

LOAD /usr/bin/../lib/gcc/arm-none-eabi/7.3.1/thumb/v7-m/crtfastmath.o
LOAD /usr/bin/../lib/gcc/arm-none-eabi/7.3.1/thumb/v7-m/crti.o
LOAD /usr/bin/../lib/gcc/arm-none-eabi/7.3.1/thumb/v7-m/crtbegin.o
LOAD /usr/bin/../lib/gcc/arm-none-eabi/7.3.1/../../../../arm-none-eabi/lib/thumb/v7-m/crt0.o
LOAD CMakeFiles/ping-pong.dir/NucleoL152/main.c.obj
LOAD ../../system/CMakeFiles/system.dir/adc.c.obj
LOAD ../../system/CMakeFiles/system.dir/delay.c.obj
LOAD ../../system/CMakeFiles/system.dir/eeprom.c.obj
LOAD ../../system/CMakeFiles/system.dir/fifo.c.obj
LOAD ../../system/CMakeFiles/system.dir/gpio.c.obj
LOAD ../../system/CMakeFiles/system.dir/gps.c.obj
LOAD ../../system/CMakeFiles/system.dir/i2c.c.obj
LOAD ../../system/CMakeFiles/system.dir/nvmm.c.obj
LOAD ../../system/CMakeFiles/system.dir/systime.c.obj
LOAD ../../system/CMakeFiles/system.dir/timer.c.obj
LOAD ../../system/CMakeFiles/system.dir/uart.c.obj
LOAD ../../radio/CMakeFiles/radio.dir/sx1272/sx1272.c.obj
LOAD ../../peripherals/CMakeFiles/peripherals.dir/gpio-ioe.c.obj
LOAD ../../peripherals/CMakeFiles/peripherals.dir/mag3110.c.obj
LOAD ../../peripherals/CMakeFiles/peripherals.dir/mma8451.c.obj
LOAD ../../peripherals/CMakeFiles/peripherals.dir/mpl3115.c.obj
LOAD ../../peripherals/CMakeFiles/peripherals.dir/pam7q.c.obj
LOAD ../../peripherals/CMakeFiles/peripherals.dir/sx1509.c.obj
LOAD ../../peripherals/CMakeFiles/peripherals.dir/sx9500.c.obj
LOAD ../../peripherals/CMakeFiles/peripherals.dir/soft-se/aes.c.obj
LOAD ../../peripherals/CMakeFiles/peripherals.dir/soft-se/cmac.c.obj
LOAD ../../peripherals/CMakeFiles/peripherals.dir/soft-se/soft-se.c.obj
LOAD ../../boards/NucleoL152/CMakeFiles/NucleoL152.dir/board.c.obj
LOAD ../../boards/NucleoL152/CMakeFiles/NucleoL152.dir/delay-board.c.obj
LOAD ../../boards/NucleoL152/CMakeFiles/NucleoL152.dir/eeprom-board.c.obj
LOAD ../../boards/NucleoL152/CMakeFiles/NucleoL152.dir/gpio-board.c.obj
LOAD ../../boards/NucleoL152/CMakeFiles/NucleoL152.dir/lpm-board.c.obj
LOAD ../../boards/NucleoL152/CMakeFiles/NucleoL152.dir/rtc-board.c.obj
LOAD ../../boards/NucleoL152/CMakeFiles/NucleoL152.dir/spi-board.c.obj
LOAD ../../boards/NucleoL152/CMakeFiles/NucleoL152.dir/uart-board.c.obj
LOAD ../../boards/NucleoL152/CMakeFiles/NucleoL152.dir/__/mcu/stm32/sysIrqHandlers.c.obj
LOAD ../../boards/NucleoL152/CMakeFiles/NucleoL152.dir/__/mcu/utilities.c.obj
LOAD ../../boards/NucleoL152/CMakeFiles/NucleoL152.dir/cmsis/arm-gcc/startup_stm32l152xe.s.obj
LOAD ../../boards/NucleoL152/CMakeFiles/NucleoL152.dir/cmsis/system_stm32l1xx.c.obj
LOAD ../../boards/NucleoL152/CMakeFiles/NucleoL152.dir/__/mcu/stm32/STM32L1xx_HAL_Driver/Src/stm32l1xx_hal.c.obj
LOAD ../../boards/NucleoL152/CMakeFiles/NucleoL152.dir/__/mcu/stm32/STM32L1xx_HAL_Driver/Src/stm32l1xx_hal_adc.c.obj
LOAD ../../boards/NucleoL152/CMakeFiles/NucleoL152.dir/__/mcu/stm32/STM32L1xx_HAL_Driver/Src/stm32l1xx_hal_adc_ex.c.obj
LOAD ../../boards/NucleoL152/CMakeFiles/NucleoL152.dir/__/mcu/stm32/STM32L1xx_HAL_Driver/Src/stm32l1xx_hal_cortex.c.obj
LOAD ../../boards/NucleoL152/CMakeFiles/NucleoL152.dir/__/mcu/stm32/STM32L1xx_HAL_Driver/Src/stm32l1xx_hal_dma.c.obj
LOAD ../../boards/NucleoL152/CMakeFiles/NucleoL152.dir/__/mcu/stm32/STM32L1xx_HAL_Driver/Src/stm32l1xx_hal_flash.c.obj
LOAD ../../boards/NucleoL152/CMakeFiles/NucleoL152.dir/__/mcu/stm32/STM32L1xx_HAL_Driver/Src/stm32l1xx_hal_flash_ex.c.obj
LOAD ../../boards/NucleoL152/CMakeFiles/NucleoL152.dir/__/mcu/stm32/STM32L1xx_HAL_Driver/Src/stm32l1xx_hal_gpio.c.obj
LOAD ../../boards/NucleoL152/CMakeFiles/NucleoL152.dir/__/mcu/stm32/STM32L1xx_HAL_Driver/Src/stm32l1xx_hal_i2c.c.obj
LOAD ../../boards/NucleoL152/CMakeFiles/NucleoL152.dir/__/mcu/stm32/STM32L1xx_HAL_Driver/Src/stm32l1xx_hal_pwr.c.obj
LOAD ../../boards/NucleoL152/CMakeFiles/NucleoL152.dir/__/mcu/stm32/STM32L1xx_HAL_Driver/Src/stm32l1xx_hal_pwr_ex.c.obj
LOAD ../../boards/NucleoL152/CMakeFiles/NucleoL152.dir/__/mcu/stm32/STM32L1xx_HAL_Driver/Src/stm32l1xx_hal_rcc.c.obj
LOAD ../../boards/NucleoL152/CMakeFiles/NucleoL152.dir/__/mcu/stm32/STM32L1xx_HAL_Driver/Src/stm32l1xx_hal_rcc_ex.c.obj
LOAD ../../boards/NucleoL152/CMakeFiles/NucleoL152.dir/__/mcu/stm32/STM32L1xx_HAL_Driver/Src/stm32l1xx_hal_rtc.c.obj
LOAD ../../boards/NucleoL152/CMakeFiles/NucleoL152.dir/__/mcu/stm32/STM32L1xx_HAL_Driver/Src/stm32l1xx_hal_rtc_ex.c.obj
LOAD ../../boards/NucleoL152/CMakeFiles/NucleoL152.dir/__/mcu/stm32/STM32L1xx_HAL_Driver/Src/stm32l1xx_hal_spi.c.obj
LOAD ../../boards/NucleoL152/CMakeFiles/NucleoL152.dir/__/mcu/stm32/STM32L1xx_HAL_Driver/Src/stm32l1xx_hal_spi_ex.c.obj
LOAD ../../boards/NucleoL152/CMakeFiles/NucleoL152.dir/__/mcu/stm32/STM32L1xx_HAL_Driver/Src/stm32l1xx_hal_uart.c.obj
LOAD ../../boards/NucleoL152/CMakeFiles/NucleoL152.dir/sx1272mb2das-board.c.obj
LOAD /usr/bin/../lib/gcc/arm-none-eabi/7.3.1/../../../../arm-none-eabi/lib/thumb/v7-m/libm.a
START GROUP
LOAD /usr/bin/../lib/gcc/arm-none-eabi/7.3.1/thumb/v7-m/libgcc.a
LOAD /usr/bin/../lib/gcc/arm-none-eabi/7.3.1/../../../../arm-none-eabi/lib/thumb/v7-m/libg_nano.a
LOAD /usr/bin/../lib/gcc/arm-none-eabi/7.3.1/../../../../arm-none-eabi/lib/thumb/v7-m/libc_nano.a
END GROUP
START GROUP
LOAD /usr/bin/../lib/gcc/arm-none-eabi/7.3.1/thumb/v7-m/libgcc.a
LOAD /usr/bin/../lib/gcc/arm-none-eabi/7.3.1/../../../../arm-none-eabi/lib/thumb/v7-m/libc_nano.a
LOAD /usr/bin/../lib/gcc/arm-none-eabi/7.3.1/../../../../arm-none-eabi/lib/thumb/v7-m/libnosys.a
END GROUP
START GROUP
LOAD /usr/bin/../lib/gcc/arm-none-eabi/7.3.1/thumb/v7-m/libgcc.a
LOAD /usr/bin/../lib/gcc/arm-none-eabi/7.3.1/../../../../arm-none-eabi/lib/thumb/v7-m/libc_nano.a
LOAD /usr/bin/../lib/gcc/arm-none-eabi/7.3.1/../../../../arm-none-eabi/lib/thumb/v7-m/libnosys.a
END GROUP
LOAD /usr/bin/../lib/gcc/arm-none-eabi/7.3.1/thumb/v7-m/crtend.o
LOAD /usr/bin/../lib/gcc/arm-none-eabi/7.3.1/thumb/v7-m/crtn.o
                0x0000000020014000                _estack = 0x20014000

.text           0x0000000008000000     0x85b0
 *(.isr_vector)
 .isr_vector    0x0000000008000000      0x13c ../../boards/NucleoL152/CMakeFiles/NucleoL152.dir/cmsis/arm-gcc/startup_stm32l152xe.s.obj
                0x0000000008000000                g_pfnVectors
 *(.text*)
 .text          0x000000000800013c       0x40 /usr/bin/../lib/gcc/arm-none-eabi/7.3.1/thumb/v7-m/crtbegin.o
 .text.OnTxDone
                0x000000000800017c       0x18 CMakeFiles/ping-pong.dir/NucleoL152/main.c.obj
                0x000000000800017c                OnTxDone
 .text.OnTxTimeout
                0x0000000008000194       0x18 CMakeFiles/ping-pong.dir/NucleoL152/main.c.obj
                0x0000000008000194                OnTxTimeout
 .text.OnRxTimeout
                0x00000000080001ac       0x18 CMakeFiles/ping-pong.dir/NucleoL152/main.c.obj
                0x00000000080001ac                OnRxTimeout
 .text.OnRxError
                0x00000000080001c4       0x18 CMakeFiles/ping-pong.dir/NucleoL152/main.c.obj
                0x00000000080001c4                OnRxError
 .text.OnRxDone
                0x00000000080001dc       0x48 CMakeFiles/ping-pong.dir/NucleoL152/main.c.obj
                0x00000000080001dc                OnRxDone
 .text.main     0x0000000008000224      0x26c CMakeFiles/ping-pong.dir/NucleoL152/main.c.obj
                0x0000000008000224                main
 .text.DelayMs  0x0000000008000490        0x8 ../../system/CMakeFiles/system.dir/delay.c.obj
                0x0000000008000490                DelayMs
 .text.FifoNext
                0x0000000008000498       0x10 ../../system/CMakeFiles/system.dir/fifo.c.obj
 .text.FifoInit
                0x00000000080004a8        0xc ../../system/CMakeFiles/system.dir/fifo.c.obj
                0x00000000080004a8                FifoInit
 .text.FifoPush
                0x00000000080004b4       0x14 ../../system/CMakeFiles/system.dir/fifo.c.obj
                0x00000000080004b4                FifoPush
 .text.FifoPop  0x00000000080004c8       0x14 ../../system/CMakeFiles/system.dir/fifo.c.obj
                0x00000000080004c8                FifoPop
 .text.IsFifoEmpty
                0x00000000080004dc        0xe ../../system/CMakeFiles/system.dir/fifo.c.obj
                0x00000000080004dc                IsFifoEmpty
 .text.IsFifoFull
                0x00000000080004ea       0x16 ../../system/CMakeFiles/system.dir/fifo.c.obj
                0x00000000080004ea                IsFifoFull
 .text.GpioInit
                0x0000000008000500       0x16 ../../system/CMakeFiles/system.dir/gpio.c.obj
                0x0000000008000500                GpioInit
 .text.GpioSetInterrupt
                0x0000000008000516        0x8 ../../system/CMakeFiles/system.dir/gpio.c.obj
                0x0000000008000516                GpioSetInterrupt
 .text.GpioWrite
                0x000000000800051e        0x8 ../../system/CMakeFiles/system.dir/gpio.c.obj
                0x000000000800051e                GpioWrite
 .text.GpioToggle
                0x0000000008000526        0x8 ../../system/CMakeFiles/system.dir/gpio.c.obj
                0x0000000008000526                GpioToggle
 *fill*         0x000000000800052e        0x2 
 .text.TimerInsertTimer
                0x0000000008000530       0x3c ../../system/CMakeFiles/system.dir/timer.c.obj
 .text.TimerExists
                0x000000000800056c       0x1c ../../system/CMakeFiles/system.dir/timer.c.obj
 .text.TimerSetTimeout
                0x0000000008000588       0x2c ../../system/CMakeFiles/system.dir/timer.c.obj
 .text.TimerInsertNewHeadTimer
                0x00000000080005b4       0x1c ../../system/CMakeFiles/system.dir/timer.c.obj
 .text.TimerInit
                0x00000000080005d0       0x12 ../../system/CMakeFiles/system.dir/timer.c.obj
                0x00000000080005d0                TimerInit
 *fill*         0x00000000080005e2        0x2 
 .text.TimerStart
                0x00000000080005e4       0x6c ../../system/CMakeFiles/system.dir/timer.c.obj
                0x00000000080005e4                TimerStart
 .text.TimerIrqHandler
                0x0000000008000650       0x80 ../../system/CMakeFiles/system.dir/timer.c.obj
                0x0000000008000650                TimerIrqHandler
 .text.TimerStop
                0x00000000080006d0       0x80 ../../system/CMakeFiles/system.dir/timer.c.obj
                0x00000000080006d0                TimerStop
 .text.TimerSetValue
                0x0000000008000750       0x24 ../../system/CMakeFiles/system.dir/timer.c.obj
                0x0000000008000750                TimerSetValue
 .text.TimerGetCurrentTime
                0x0000000008000774        0xc ../../system/CMakeFiles/system.dir/timer.c.obj
                0x0000000008000774                TimerGetCurrentTime
 .text.TimerGetElapsedTime
                0x0000000008000780       0x20 ../../system/CMakeFiles/system.dir/timer.c.obj
                0x0000000008000780                TimerGetElapsedTime
 .text.UartInit
                0x00000000080007a0       0x12 ../../system/CMakeFiles/system.dir/uart.c.obj
                0x00000000080007a0                UartInit
 .text.UartConfig
                0x00000000080007b2       0x1e ../../system/CMakeFiles/system.dir/uart.c.obj
                0x00000000080007b2                UartConfig
 .text.UartPutChar
                0x00000000080007d0        0x8 ../../system/CMakeFiles/system.dir/uart.c.obj
                0x00000000080007d0                UartPutChar
 .text.UartGetChar
                0x00000000080007d8        0x8 ../../system/CMakeFiles/system.dir/uart.c.obj
                0x00000000080007d8                UartGetChar
 .text.UartPutBuffer
                0x00000000080007e0        0x8 ../../system/CMakeFiles/system.dir/uart.c.obj
                0x00000000080007e0                UartPutBuffer
 .text.UartGetBuffer
                0x00000000080007e8        0x8 ../../system/CMakeFiles/system.dir/uart.c.obj
                0x00000000080007e8                UartGetBuffer
 .text.GetFskBandwidthRegValue
                0x00000000080007f0       0x50 ../../radio/CMakeFiles/radio.dir/sx1272/sx1272.c.obj
 .text.SX1272OnDio4Irq
                0x0000000008000840       0x20 ../../radio/CMakeFiles/radio.dir/sx1272/sx1272.c.obj
                0x0000000008000840                SX1272OnDio4Irq
 .text.SX1272GetStatus
                0x0000000008000860        0xc ../../radio/CMakeFiles/radio.dir/sx1272/sx1272.c.obj
                0x0000000008000860                SX1272GetStatus
 .text.SX1272WriteBuffer
                0x000000000800086c       0x44 ../../radio/CMakeFiles/radio.dir/sx1272/sx1272.c.obj
                0x000000000800086c                SX1272WriteBuffer
 .text.SX1272Write
                0x00000000080008b0       0x18 ../../radio/CMakeFiles/radio.dir/sx1272/sx1272.c.obj
                0x00000000080008b0                SX1272Write
 .text.SX1272SetChannel
                0x00000000080008c8       0x4c ../../radio/CMakeFiles/radio.dir/sx1272/sx1272.c.obj
                0x00000000080008c8                SX1272SetChannel
 .text.SX1272ReadBuffer
                0x0000000008000914       0x48 ../../radio/CMakeFiles/radio.dir/sx1272/sx1272.c.obj
                0x0000000008000914                SX1272ReadBuffer
 .text.SX1272Read
                0x000000000800095c       0x18 ../../radio/CMakeFiles/radio.dir/sx1272/sx1272.c.obj
                0x000000000800095c                SX1272Read
 *fill*         0x0000000008000974        0x4 
 .text.SX1272GetTimeOnAir
                0x0000000008000978      0x244 ../../radio/CMakeFiles/radio.dir/sx1272/sx1272.c.obj
                0x0000000008000978                SX1272GetTimeOnAir
 .text.SX1272ReadRssi
                0x0000000008000bbc       0x2c ../../radio/CMakeFiles/radio.dir/sx1272/sx1272.c.obj
                0x0000000008000bbc                SX1272ReadRssi
 .text.SX1272SetOpMode
                0x0000000008000be8       0x32 ../../radio/CMakeFiles/radio.dir/sx1272/sx1272.c.obj
                0x0000000008000be8                SX1272SetOpMode
 *fill*         0x0000000008000c1a        0x2 
 .text.SX1272SetSleep
                0x0000000008000c1c       0x2c ../../radio/CMakeFiles/radio.dir/sx1272/sx1272.c.obj
                0x0000000008000c1c                SX1272SetSleep
 .text.SX1272SetStby
                0x0000000008000c48       0x2c ../../radio/CMakeFiles/radio.dir/sx1272/sx1272.c.obj
                0x0000000008000c48                SX1272SetStby
 .text.SX1272SetRx
                0x0000000008000c74      0x178 ../../radio/CMakeFiles/radio.dir/sx1272/sx1272.c.obj
                0x0000000008000c74                SX1272SetRx
 .text.SX1272SetTx
                0x0000000008000dec       0xb0 ../../radio/CMakeFiles/radio.dir/sx1272/sx1272.c.obj
                0x0000000008000dec                SX1272SetTx
 .text.SX1272StartCad
                0x0000000008000e9c       0x38 ../../radio/CMakeFiles/radio.dir/sx1272/sx1272.c.obj
                0x0000000008000e9c                SX1272StartCad
 .text.SX1272SetModem
                0x0000000008000ed4       0x88 ../../radio/CMakeFiles/radio.dir/sx1272/sx1272.c.obj
                0x0000000008000ed4                SX1272SetModem
 .text.SX1272Init
                0x0000000008000f5c       0x84 ../../radio/CMakeFiles/radio.dir/sx1272/sx1272.c.obj
                0x0000000008000f5c                SX1272Init
 .text.SX1272IsChannelFree
                0x0000000008000fe0       0x48 ../../radio/CMakeFiles/radio.dir/sx1272/sx1272.c.obj
                0x0000000008000fe0                SX1272IsChannelFree
 .text.SX1272Random
                0x0000000008001028       0x40 ../../radio/CMakeFiles/radio.dir/sx1272/sx1272.c.obj
                0x0000000008001028                SX1272Random
 .text.SX1272SetRxConfig
                0x0000000008001068      0x2b4 ../../radio/CMakeFiles/radio.dir/sx1272/sx1272.c.obj
                0x0000000008001068                SX1272SetRxConfig
 *fill*         0x000000000800131c        0x4 
 .text.SX1272SetTxConfig
                0x0000000008001320      0x25c ../../radio/CMakeFiles/radio.dir/sx1272/sx1272.c.obj
                0x0000000008001320                SX1272SetTxConfig
 .text.SX1272SetTxContinuousWave
                0x000000000800157c       0x80 ../../radio/CMakeFiles/radio.dir/sx1272/sx1272.c.obj
                0x000000000800157c                SX1272SetTxContinuousWave
 *fill*         0x00000000080015fc        0x4 
 .text.SX1272OnDio2Irq
                0x0000000008001600      0x104 ../../radio/CMakeFiles/radio.dir/sx1272/sx1272.c.obj
                0x0000000008001600                SX1272OnDio2Irq
 .text.SX1272OnDio3Irq
                0x0000000008001704       0x50 ../../radio/CMakeFiles/radio.dir/sx1272/sx1272.c.obj
                0x0000000008001704                SX1272OnDio3Irq
 .text.SX1272WriteFifo
                0x0000000008001754        0xe ../../radio/CMakeFiles/radio.dir/sx1272/sx1272.c.obj
                0x0000000008001754                SX1272WriteFifo
 *fill*         0x0000000008001762        0x2 
 .text.SX1272Send
                0x0000000008001764      0x124 ../../radio/CMakeFiles/radio.dir/sx1272/sx1272.c.obj
                0x0000000008001764                SX1272Send
 .text.SX1272ReadFifo
                0x0000000008001888        0xe ../../radio/CMakeFiles/radio.dir/sx1272/sx1272.c.obj
                0x0000000008001888                SX1272ReadFifo
 *fill*         0x0000000008001896        0x2 
 .text.SX1272OnDio0Irq
                0x0000000008001898      0x2c0 ../../radio/CMakeFiles/radio.dir/sx1272/sx1272.c.obj
                0x0000000008001898                SX1272OnDio0Irq
 .text.SX1272OnDio1Irq
                0x0000000008001b58      0x124 ../../radio/CMakeFiles/radio.dir/sx1272/sx1272.c.obj
                0x0000000008001b58                SX1272OnDio1Irq
 .text.SX1272SetMaxPayloadLength
                0x0000000008001c7c       0x34 ../../radio/CMakeFiles/radio.dir/sx1272/sx1272.c.obj
                0x0000000008001c7c                SX1272SetMaxPayloadLength
 .text.SX1272SetPublicNetwork
                0x0000000008001cb0       0x2c ../../radio/CMakeFiles/radio.dir/sx1272/sx1272.c.obj
                0x0000000008001cb0                SX1272SetPublicNetwork
 .text.SX1272OnTimeoutIrq
                0x0000000008001cdc       0xe4 ../../radio/CMakeFiles/radio.dir/sx1272/sx1272.c.obj
                0x0000000008001cdc                SX1272OnTimeoutIrq
 .text.SX1272GetWakeupTime
                0x0000000008001dc0        0xa ../../radio/CMakeFiles/radio.dir/sx1272/sx1272.c.obj
                0x0000000008001dc0                SX1272GetWakeupTime
 .text.BoardUnusedIoInit
                0x0000000008001dca       0x10 ../../boards/NucleoL152/CMakeFiles/NucleoL152.dir/board.c.obj
 *fill*         0x0000000008001dda        0x2 
 .text.SystemClockReConfig
                0x0000000008001ddc       0xbc ../../boards/NucleoL152/CMakeFiles/NucleoL152.dir/board.c.obj
 .text.CalibrateSystemWakeupTime
                0x0000000008001e98       0x3c ../../boards/NucleoL152/CMakeFiles/NucleoL152.dir/board.c.obj
 .text.OnCalibrateSystemWakeupTimeTimerEvent
                0x0000000008001ed4       0x14 ../../boards/NucleoL152/CMakeFiles/NucleoL152.dir/board.c.obj
 .text.BoardCriticalSectionBegin
                0x0000000008001ee8        0xa ../../boards/NucleoL152/CMakeFiles/NucleoL152.dir/board.c.obj
                0x0000000008001ee8                BoardCriticalSectionBegin
 .text.BoardCriticalSectionEnd
                0x0000000008001ef2        0x8 ../../boards/NucleoL152/CMakeFiles/NucleoL152.dir/board.c.obj
                0x0000000008001ef2                BoardCriticalSectionEnd
 .text.BoardInitPeriph
                0x0000000008001efa        0x2 ../../boards/NucleoL152/CMakeFiles/NucleoL152.dir/board.c.obj
                0x0000000008001efa                BoardInitPeriph
 .text.BoardDeInitMcu
                0x0000000008001efc       0x14 ../../boards/NucleoL152/CMakeFiles/NucleoL152.dir/board.c.obj
                0x0000000008001efc                BoardDeInitMcu
 .text.SysTick_Handler
                0x0000000008001f10        0xc ../../boards/NucleoL152/CMakeFiles/NucleoL152.dir/board.c.obj
                0x0000000008001f10                SysTick_Handler
 .text.GetBoardPowerSource
                0x0000000008001f1c       0x14 ../../boards/NucleoL152/CMakeFiles/NucleoL152.dir/board.c.obj
                0x0000000008001f1c                GetBoardPowerSource
 .text.LpmEnterStopMode
                0x0000000008001f30       0x3c ../../boards/NucleoL152/CMakeFiles/NucleoL152.dir/board.c.obj
                0x0000000008001f30                LpmEnterStopMode
 .text.LpmEnterSleepMode
                0x0000000008001f6c        0xc ../../boards/NucleoL152/CMakeFiles/NucleoL152.dir/board.c.obj
                0x0000000008001f6c                LpmEnterSleepMode
 .text.BoardLowPowerHandler
                0x0000000008001f78        0xc ../../boards/NucleoL152/CMakeFiles/NucleoL152.dir/board.c.obj
                0x0000000008001f78                BoardLowPowerHandler
 .text._write   0x0000000008001f84       0x1c ../../boards/NucleoL152/CMakeFiles/NucleoL152.dir/board.c.obj
                0x0000000008001f84                _write
 .text._read    0x0000000008001fa0       0x38 ../../boards/NucleoL152/CMakeFiles/NucleoL152.dir/board.c.obj
                0x0000000008001fa0                _read
 .text.assert_failed
                0x0000000008001fd8       0x14 ../../boards/NucleoL152/CMakeFiles/NucleoL152.dir/board.c.obj
                0x0000000008001fd8                assert_failed
 .text.SystemClockConfig
                0x0000000008001fec       0xd4 ../../boards/NucleoL152/CMakeFiles/NucleoL152.dir/board.c.obj
 .text.BoardInitMcu
                0x00000000080020c0       0xf4 ../../boards/NucleoL152/CMakeFiles/NucleoL152.dir/board.c.obj
                0x00000000080020c0                BoardInitMcu
 .text.LpmExitStopMode
                0x00000000080021b4       0x1a ../../boards/NucleoL152/CMakeFiles/NucleoL152.dir/board.c.obj
                0x00000000080021b4                LpmExitStopMode
 .text.DelayMsMcu
                0x00000000080021ce        0x8 ../../boards/NucleoL152/CMakeFiles/NucleoL152.dir/delay-board.c.obj
                0x00000000080021ce                DelayMsMcu
 *fill*         0x00000000080021d6        0x2 
 .text.GpioMcuSetInterrupt
                0x00000000080021d8       0xfc ../../boards/NucleoL152/CMakeFiles/NucleoL152.dir/gpio-board.c.obj
                0x00000000080021d8                GpioMcuSetInterrupt
 .text.GpioMcuWrite
                0x00000000080022d4       0x38 ../../boards/NucleoL152/CMakeFiles/NucleoL152.dir/gpio-board.c.obj
                0x00000000080022d4                GpioMcuWrite
 .text.GpioMcuInit
                0x000000000800230c      0x130 ../../boards/NucleoL152/CMakeFiles/NucleoL152.dir/gpio-board.c.obj
                0x000000000800230c                GpioMcuInit
 .text.GpioMcuToggle
                0x000000000800243c       0x34 ../../boards/NucleoL152/CMakeFiles/NucleoL152.dir/gpio-board.c.obj
                0x000000000800243c                GpioMcuToggle
 .text.EXTI0_IRQHandler
                0x0000000008002470        0xa ../../boards/NucleoL152/CMakeFiles/NucleoL152.dir/gpio-board.c.obj
                0x0000000008002470                EXTI0_IRQHandler
 .text.EXTI1_IRQHandler
                0x000000000800247a        0xa ../../boards/NucleoL152/CMakeFiles/NucleoL152.dir/gpio-board.c.obj
                0x000000000800247a                EXTI1_IRQHandler
 .text.EXTI2_IRQHandler
                0x0000000008002484        0xa ../../boards/NucleoL152/CMakeFiles/NucleoL152.dir/gpio-board.c.obj
                0x0000000008002484                EXTI2_IRQHandler
 .text.EXTI3_IRQHandler
                0x000000000800248e        0xa ../../boards/NucleoL152/CMakeFiles/NucleoL152.dir/gpio-board.c.obj
                0x000000000800248e                EXTI3_IRQHandler
 .text.EXTI4_IRQHandler
                0x0000000008002498        0xa ../../boards/NucleoL152/CMakeFiles/NucleoL152.dir/gpio-board.c.obj
                0x0000000008002498                EXTI4_IRQHandler
 .text.EXTI9_5_IRQHandler
                0x00000000080024a2       0x26 ../../boards/NucleoL152/CMakeFiles/NucleoL152.dir/gpio-board.c.obj
                0x00000000080024a2                EXTI9_5_IRQHandler
 .text.EXTI15_10_IRQHandler
                0x00000000080024c8       0x34 ../../boards/NucleoL152/CMakeFiles/NucleoL152.dir/gpio-board.c.obj
                0x00000000080024c8                EXTI15_10_IRQHandler
 .text.HAL_GPIO_EXTI_Callback
                0x00000000080024fc       0x30 ../../boards/NucleoL152/CMakeFiles/NucleoL152.dir/gpio-board.c.obj
                0x00000000080024fc                HAL_GPIO_EXTI_Callback
 .text.LpmSetOffMode
                0x000000000800252c       0x38 ../../boards/NucleoL152/CMakeFiles/NucleoL152.dir/lpm-board.c.obj
                0x000000000800252c                LpmSetOffMode
 .text.LpmSetStopMode
                0x0000000008002564       0x38 ../../boards/NucleoL152/CMakeFiles/NucleoL152.dir/lpm-board.c.obj
                0x0000000008002564                LpmSetStopMode
 .text.LpmGetMode
                0x000000000800259c       0x34 ../../boards/NucleoL152/CMakeFiles/NucleoL152.dir/lpm-board.c.obj
                0x000000000800259c                LpmGetMode
 .text.LpmExitSleepMode
                0x00000000080025d0        0x2 ../../boards/NucleoL152/CMakeFiles/NucleoL152.dir/lpm-board.c.obj
                0x00000000080025d0                LpmExitSleepMode
 .text.LpmEnterOffMode
                0x00000000080025d2        0x2 ../../boards/NucleoL152/CMakeFiles/NucleoL152.dir/lpm-board.c.obj
                0x00000000080025d2                LpmEnterOffMode
 .text.LpmExitOffMode
                0x00000000080025d4        0x2 ../../boards/NucleoL152/CMakeFiles/NucleoL152.dir/lpm-board.c.obj
                0x00000000080025d4                LpmExitOffMode
 *fill*         0x00000000080025d6        0x2 
 .text.LpmEnterLowPower
                0x00000000080025d8       0x34 ../../boards/NucleoL152/CMakeFiles/NucleoL152.dir/lpm-board.c.obj
                0x00000000080025d8                LpmEnterLowPower
 .text.RtcGetCalendarValue
                0x000000000800260c       0xac ../../boards/NucleoL152/CMakeFiles/NucleoL152.dir/rtc-board.c.obj
 .text.RtcSetTimerContext
                0x00000000080026b8       0x18 ../../boards/NucleoL152/CMakeFiles/NucleoL152.dir/rtc-board.c.obj
                0x00000000080026b8                RtcSetTimerContext
 .text.RtcInit  0x00000000080026d0       0xb8 ../../boards/NucleoL152/CMakeFiles/NucleoL152.dir/rtc-board.c.obj
                0x00000000080026d0                RtcInit
 .text.RtcGetTimerContext
                0x0000000008002788        0xc ../../boards/NucleoL152/CMakeFiles/NucleoL152.dir/rtc-board.c.obj
                0x0000000008002788                RtcGetTimerContext
 .text.RtcGetMinimumTimeout
                0x0000000008002794        0x4 ../../boards/NucleoL152/CMakeFiles/NucleoL152.dir/rtc-board.c.obj
                0x0000000008002794                RtcGetMinimumTimeout
 .text.RtcMs2Tick
                0x0000000008002798       0x12 ../../boards/NucleoL152/CMakeFiles/NucleoL152.dir/rtc-board.c.obj
                0x0000000008002798                RtcMs2Tick
 .text.RtcTick2Ms
                0x00000000080027aa       0x16 ../../boards/NucleoL152/CMakeFiles/NucleoL152.dir/rtc-board.c.obj
                0x00000000080027aa                RtcTick2Ms
 .text.RtcStopAlarm
                0x00000000080027c0       0x2c ../../boards/NucleoL152/CMakeFiles/NucleoL152.dir/rtc-board.c.obj
                0x00000000080027c0                RtcStopAlarm
 .text.RtcStartAlarm
                0x00000000080027ec      0x144 ../../boards/NucleoL152/CMakeFiles/NucleoL152.dir/rtc-board.c.obj
                0x00000000080027ec                RtcStartAlarm
 .text.RtcGetTimerValue
                0x0000000008002930       0x12 ../../boards/NucleoL152/CMakeFiles/NucleoL152.dir/rtc-board.c.obj
                0x0000000008002930                RtcGetTimerValue
 *fill*         0x0000000008002942        0x2 
 .text.RtcGetTimerElapsedTime
                0x0000000008002944       0x1c ../../boards/NucleoL152/CMakeFiles/NucleoL152.dir/rtc-board.c.obj
                0x0000000008002944                RtcGetTimerElapsedTime
 .text.RtcSetAlarm
                0x0000000008002960       0x50 ../../boards/NucleoL152/CMakeFiles/NucleoL152.dir/rtc-board.c.obj
                0x0000000008002960                RtcSetAlarm
 .text.RtcSetMcuWakeUpTime
                0x00000000080029b0       0x84 ../../boards/NucleoL152/CMakeFiles/NucleoL152.dir/rtc-board.c.obj
                0x00000000080029b0                RtcSetMcuWakeUpTime
 .text.HAL_RTC_AlarmAEventCallback
                0x0000000008002a34        0x8 ../../boards/NucleoL152/CMakeFiles/NucleoL152.dir/rtc-board.c.obj
                0x0000000008002a34                HAL_RTC_AlarmAEventCallback
 .text.RTC_Alarm_IRQHandler
                0x0000000008002a3c       0x44 ../../boards/NucleoL152/CMakeFiles/NucleoL152.dir/rtc-board.c.obj
                0x0000000008002a3c                RTC_Alarm_IRQHandler
 .text.SpiDeInit
                0x0000000008002a80       0x68 ../../boards/NucleoL152/CMakeFiles/NucleoL152.dir/spi-board.c.obj
                0x0000000008002a80                SpiDeInit
 .text.SpiFormat
                0x0000000008002ae8       0x94 ../../boards/NucleoL152/CMakeFiles/NucleoL152.dir/spi-board.c.obj
                0x0000000008002ae8                SpiFormat
 .text.SpiFrequency
                0x0000000008002b7c       0x50 ../../boards/NucleoL152/CMakeFiles/NucleoL152.dir/spi-board.c.obj
                0x0000000008002b7c                SpiFrequency
 .text.SpiInit  0x0000000008002bcc      0x198 ../../boards/NucleoL152/CMakeFiles/NucleoL152.dir/spi-board.c.obj
                0x0000000008002bcc                SpiInit
 .text.SpiInOut
                0x0000000008002d64       0x84 ../../boards/NucleoL152/CMakeFiles/NucleoL152.dir/spi-board.c.obj
                0x0000000008002d64                SpiInOut
 .text.UartMcuInit
                0x0000000008002de8       0x64 ../../boards/NucleoL152/CMakeFiles/NucleoL152.dir/uart-board.c.obj
                0x0000000008002de8                UartMcuInit
 .text.UartMcuConfig
                0x0000000008002e4c      0x140 ../../boards/NucleoL152/CMakeFiles/NucleoL152.dir/uart-board.c.obj
                0x0000000008002e4c                UartMcuConfig
 .text.UartMcuPutChar
                0x0000000008002f8c       0x5c ../../boards/NucleoL152/CMakeFiles/NucleoL152.dir/uart-board.c.obj
                0x0000000008002f8c                UartMcuPutChar
 .text.UartMcuGetChar
                0x0000000008002fe8       0x40 ../../boards/NucleoL152/CMakeFiles/NucleoL152.dir/uart-board.c.obj
                0x0000000008002fe8                UartMcuGetChar
 .text.UartMcuPutBuffer
                0x0000000008003028       0x3e ../../boards/NucleoL152/CMakeFiles/NucleoL152.dir/uart-board.c.obj
                0x0000000008003028                UartMcuPutBuffer
 .text.UartMcuGetBuffer
                0x0000000008003066       0x32 ../../boards/NucleoL152/CMakeFiles/NucleoL152.dir/uart-board.c.obj
                0x0000000008003066                UartMcuGetBuffer
 .text.HAL_UART_TxCpltCallback
                0x0000000008003098       0x3c ../../boards/NucleoL152/CMakeFiles/NucleoL152.dir/uart-board.c.obj
                0x0000000008003098                HAL_UART_TxCpltCallback
 .text.HAL_UART_RxCpltCallback
                0x00000000080030d4       0x3c ../../boards/NucleoL152/CMakeFiles/NucleoL152.dir/uart-board.c.obj
                0x00000000080030d4                HAL_UART_RxCpltCallback
 .text.HAL_UART_ErrorCallback
                0x0000000008003110       0x18 ../../boards/NucleoL152/CMakeFiles/NucleoL152.dir/uart-board.c.obj
                0x0000000008003110                HAL_UART_ErrorCallback
 .text.USART2_IRQHandler
                0x0000000008003128       0x44 ../../boards/NucleoL152/CMakeFiles/NucleoL152.dir/uart-board.c.obj
                0x0000000008003128                USART2_IRQHandler
 .text.NMI_Handler
                0x000000000800316c        0x2 ../../boards/NucleoL152/CMakeFiles/NucleoL152.dir/__/mcu/stm32/sysIrqHandlers.c.obj
                0x000000000800316c                NMI_Handler
 .text.MemManage_Handler
                0x000000000800316e        0x2 ../../boards/NucleoL152/CMakeFiles/NucleoL152.dir/__/mcu/stm32/sysIrqHandlers.c.obj
                0x000000000800316e                MemManage_Handler
 .text.BusFault_Handler
                0x0000000008003170        0x2 ../../boards/NucleoL152/CMakeFiles/NucleoL152.dir/__/mcu/stm32/sysIrqHandlers.c.obj
                0x0000000008003170                BusFault_Handler
 .text.UsageFault_Handler
                0x0000000008003172        0x2 ../../boards/NucleoL152/CMakeFiles/NucleoL152.dir/__/mcu/stm32/sysIrqHandlers.c.obj
                0x0000000008003172                UsageFault_Handler
 .text.DebugMon_Handler
                0x0000000008003174        0x2 ../../boards/NucleoL152/CMakeFiles/NucleoL152.dir/__/mcu/stm32/sysIrqHandlers.c.obj
                0x0000000008003174                DebugMon_Handler
 .text.memcpy1  0x0000000008003176       0x16 ../../boards/NucleoL152/CMakeFiles/NucleoL152.dir/__/mcu/utilities.c.obj
                0x0000000008003176                memcpy1
 .text.Reset_Handler
                0x000000000800318c       0x48 ../../boards/NucleoL152/CMakeFiles/NucleoL152.dir/cmsis/arm-gcc/startup_stm32l152xe.s.obj
                0x000000000800318c                Reset_Handler
 .text.Default_Handler
                0x00000000080031d4        0x2 ../../boards/NucleoL152/CMakeFiles/NucleoL152.dir/cmsis/arm-gcc/startup_stm32l152xe.s.obj
                0x00000000080031d4                COMP_ACQ_IRQHandler
                0x00000000080031d4                HardFault_Handler
                0x00000000080031d4                TIM10_IRQHandler
                0x00000000080031d4                USB_HP_IRQHandler
                0x00000000080031d4                TIM6_IRQHandler
                0x00000000080031d4                PVD_IRQHandler
                0x00000000080031d4                PendSV_Handler
                0x00000000080031d4                I2C2_EV_IRQHandler
                0x00000000080031d4                SPI1_IRQHandler
                0x00000000080031d4                USB_FS_WKUP_IRQHandler
                0x00000000080031d4                DMA2_Channel2_IRQHandler
                0x00000000080031d4                DMA1_Channel4_IRQHandler
                0x00000000080031d4                ADC1_IRQHandler
                0x00000000080031d4                USART3_IRQHandler
                0x00000000080031d4                DMA1_Channel7_IRQHandler
                0x00000000080031d4                LCD_IRQHandler
                0x00000000080031d4                UART5_IRQHandler
                0x00000000080031d4                TIM4_IRQHandler
                0x00000000080031d4                DMA2_Channel1_IRQHandler
                0x00000000080031d4                I2C1_EV_IRQHandler
                0x00000000080031d4                DMA1_Channel6_IRQHandler
                0x00000000080031d4                UART4_IRQHandler
                0x00000000080031d4                DMA2_Channel4_IRQHandler
                0x00000000080031d4                TIM3_IRQHandler
                0x00000000080031d4                RCC_IRQHandler
                0x00000000080031d4                DMA1_Channel1_IRQHandler
                0x00000000080031d4                Default_Handler
                0x00000000080031d4                TIM7_IRQHandler
                0x00000000080031d4                TIM5_IRQHandler
                0x00000000080031d4                TIM9_IRQHandler
                0x00000000080031d4                TAMPER_STAMP_IRQHandler
                0x00000000080031d4                RTC_WKUP_IRQHandler
                0x00000000080031d4                SPI2_IRQHandler
                0x00000000080031d4                SVC_Handler
                0x00000000080031d4                DMA2_Channel5_IRQHandler
                0x00000000080031d4                DMA1_Channel5_IRQHandler
                0x00000000080031d4                USB_LP_IRQHandler
                0x00000000080031d4                DMA1_Channel3_IRQHandler
                0x00000000080031d4                COMP_IRQHandler
                0x00000000080031d4                WWDG_IRQHandler
                0x00000000080031d4                TIM2_IRQHandler
                0x00000000080031d4                DAC_IRQHandler
                0x00000000080031d4                TIM11_IRQHandler
                0x00000000080031d4                I2C2_ER_IRQHandler
                0x00000000080031d4                DMA1_Channel2_IRQHandler
                0x00000000080031d4                FLASH_IRQHandler
                0x00000000080031d4                USART1_IRQHandler
                0x00000000080031d4                SPI3_IRQHandler
                0x00000000080031d4                I2C1_ER_IRQHandler
                0x00000000080031d4                DMA2_Channel3_IRQHandler
 *fill*         0x00000000080031d6        0x2 
 .text.SystemInit
                0x00000000080031d8       0x48 ../../boards/NucleoL152/CMakeFiles/NucleoL152.dir/cmsis/system_stm32l1xx.c.obj
                0x00000000080031d8                SystemInit
 .text.HAL_MspInit
                0x0000000008003220        0x2 ../../boards/NucleoL152/CMakeFiles/NucleoL152.dir/__/mcu/stm32/STM32L1xx_HAL_Driver/Src/stm32l1xx_hal.c.obj
                0x0000000008003220                HAL_MspInit
 *fill*         0x0000000008003222        0x2 
 .text.HAL_InitTick
                0x0000000008003224       0x2c ../../boards/NucleoL152/CMakeFiles/NucleoL152.dir/__/mcu/stm32/STM32L1xx_HAL_Driver/Src/stm32l1xx_hal.c.obj
                0x0000000008003224                HAL_InitTick
 .text.HAL_Init
                0x0000000008003250       0x16 ../../boards/NucleoL152/CMakeFiles/NucleoL152.dir/__/mcu/stm32/STM32L1xx_HAL_Driver/Src/stm32l1xx_hal.c.obj
                0x0000000008003250                HAL_Init
 *fill*         0x0000000008003266        0x2 
 .text.HAL_IncTick
                0x0000000008003268       0x10 ../../boards/NucleoL152/CMakeFiles/NucleoL152.dir/__/mcu/stm32/STM32L1xx_HAL_Driver/Src/stm32l1xx_hal.c.obj
                0x0000000008003268                HAL_IncTick
 .text.HAL_GetTick
                0x0000000008003278        0xc ../../boards/NucleoL152/CMakeFiles/NucleoL152.dir/__/mcu/stm32/STM32L1xx_HAL_Driver/Src/stm32l1xx_hal.c.obj
                0x0000000008003278                HAL_GetTick
 .text.HAL_Delay
                0x0000000008003284       0x1c ../../boards/NucleoL152/CMakeFiles/NucleoL152.dir/__/mcu/stm32/STM32L1xx_HAL_Driver/Src/stm32l1xx_hal.c.obj
                0x0000000008003284                HAL_Delay
 .text.HAL_DBGMCU_EnableDBGSleepMode
                0x00000000080032a0       0x10 ../../boards/NucleoL152/CMakeFiles/NucleoL152.dir/__/mcu/stm32/STM32L1xx_HAL_Driver/Src/stm32l1xx_hal.c.obj
                0x00000000080032a0                HAL_DBGMCU_EnableDBGSleepMode
 .text.HAL_DBGMCU_EnableDBGStopMode
                0x00000000080032b0       0x10 ../../boards/NucleoL152/CMakeFiles/NucleoL152.dir/__/mcu/stm32/STM32L1xx_HAL_Driver/Src/stm32l1xx_hal.c.obj
                0x00000000080032b0                HAL_DBGMCU_EnableDBGStopMode
 .text.HAL_DBGMCU_EnableDBGStandbyMode
                0x00000000080032c0       0x10 ../../boards/NucleoL152/CMakeFiles/NucleoL152.dir/__/mcu/stm32/STM32L1xx_HAL_Driver/Src/stm32l1xx_hal.c.obj
                0x00000000080032c0                HAL_DBGMCU_EnableDBGStandbyMode
 .text.HAL_NVIC_SetPriorityGrouping
                0x00000000080032d0       0x3c ../../boards/NucleoL152/CMakeFiles/NucleoL152.dir/__/mcu/stm32/STM32L1xx_HAL_Driver/Src/stm32l1xx_hal_cortex.c.obj
                0x00000000080032d0                HAL_NVIC_SetPriorityGrouping
 .text.HAL_NVIC_SetPriority
                0x000000000800330c       0x8c ../../boards/NucleoL152/CMakeFiles/NucleoL152.dir/__/mcu/stm32/STM32L1xx_HAL_Driver/Src/stm32l1xx_hal_cortex.c.obj
                0x000000000800330c                HAL_NVIC_SetPriority
 .text.HAL_NVIC_EnableIRQ
                0x0000000008003398       0x2c ../../boards/NucleoL152/CMakeFiles/NucleoL152.dir/__/mcu/stm32/STM32L1xx_HAL_Driver/Src/stm32l1xx_hal_cortex.c.obj
                0x0000000008003398                HAL_NVIC_EnableIRQ
 .text.HAL_SYSTICK_Config
                0x00000000080033c4       0x2c ../../boards/NucleoL152/CMakeFiles/NucleoL152.dir/__/mcu/stm32/STM32L1xx_HAL_Driver/Src/stm32l1xx_hal_cortex.c.obj
                0x00000000080033c4                HAL_SYSTICK_Config
 .text.HAL_NVIC_GetPendingIRQ
                0x00000000080033f0       0x1c ../../boards/NucleoL152/CMakeFiles/NucleoL152.dir/__/mcu/stm32/STM32L1xx_HAL_Driver/Src/stm32l1xx_hal_cortex.c.obj
                0x00000000080033f0                HAL_NVIC_GetPendingIRQ
 .text.HAL_SYSTICK_CLKSourceConfig
                0x000000000800340c       0x3c ../../boards/NucleoL152/CMakeFiles/NucleoL152.dir/__/mcu/stm32/STM32L1xx_HAL_Driver/Src/stm32l1xx_hal_cortex.c.obj
                0x000000000800340c                HAL_SYSTICK_CLKSourceConfig
 .text.HAL_SYSTICK_Callback
                0x0000000008003448        0x2 ../../boards/NucleoL152/CMakeFiles/NucleoL152.dir/__/mcu/stm32/STM32L1xx_HAL_Driver/Src/stm32l1xx_hal_cortex.c.obj
                0x0000000008003448                HAL_SYSTICK_Callback
 .text.HAL_SYSTICK_IRQHandler
                0x000000000800344a        0x8 ../../boards/NucleoL152/CMakeFiles/NucleoL152.dir/__/mcu/stm32/STM32L1xx_HAL_Driver/Src/stm32l1xx_hal_cortex.c.obj
                0x000000000800344a                HAL_SYSTICK_IRQHandler
 *fill*         0x0000000008003452        0x2 
 .text.HAL_GPIO_Init
                0x0000000008003454      0x2f0 ../../boards/NucleoL152/CMakeFiles/NucleoL152.dir/__/mcu/stm32/STM32L1xx_HAL_Driver/Src/stm32l1xx_hal_gpio.c.obj
                0x0000000008003454                HAL_GPIO_Init
 .text.HAL_GPIO_WritePin
                0x0000000008003744       0x38 ../../boards/NucleoL152/CMakeFiles/NucleoL152.dir/__/mcu/stm32/STM32L1xx_HAL_Driver/Src/stm32l1xx_hal_gpio.c.obj
                0x0000000008003744                HAL_GPIO_WritePin
 .text.HAL_GPIO_TogglePin
                0x000000000800377c       0x20 ../../boards/NucleoL152/CMakeFiles/NucleoL152.dir/__/mcu/stm32/STM32L1xx_HAL_Driver/Src/stm32l1xx_hal_gpio.c.obj
                0x000000000800377c                HAL_GPIO_TogglePin
 .text.HAL_GPIO_EXTI_IRQHandler
                0x000000000800379c       0x1c ../../boards/NucleoL152/CMakeFiles/NucleoL152.dir/__/mcu/stm32/STM32L1xx_HAL_Driver/Src/stm32l1xx_hal_gpio.c.obj
                0x000000000800379c                HAL_GPIO_EXTI_IRQHandler
 .text.HAL_PWR_DisablePVD
                0x00000000080037b8       0x1a ../../boards/NucleoL152/CMakeFiles/NucleoL152.dir/__/mcu/stm32/STM32L1xx_HAL_Driver/Src/stm32l1xx_hal_pwr.c.obj
                0x00000000080037b8                HAL_PWR_DisablePVD
 *fill*         0x00000000080037d2        0x2 
 .text.HAL_PWR_EnterSLEEPMode
                0x00000000080037d4       0x5c ../../boards/NucleoL152/CMakeFiles/NucleoL152.dir/__/mcu/stm32/STM32L1xx_HAL_Driver/Src/stm32l1xx_hal_pwr.c.obj
                0x00000000080037d4                HAL_PWR_EnterSLEEPMode
 .text.HAL_PWR_EnterSTOPMode
                0x0000000008003830       0x68 ../../boards/NucleoL152/CMakeFiles/NucleoL152.dir/__/mcu/stm32/STM32L1xx_HAL_Driver/Src/stm32l1xx_hal_pwr.c.obj
                0x0000000008003830                HAL_PWR_EnterSTOPMode
 .text.HAL_PWREx_EnableFastWakeUp
                0x0000000008003898       0x1c ../../boards/NucleoL152/CMakeFiles/NucleoL152.dir/__/mcu/stm32/STM32L1xx_HAL_Driver/Src/stm32l1xx_hal_pwr_ex.c.obj
                0x0000000008003898                HAL_PWREx_EnableFastWakeUp
 .text.HAL_PWREx_EnableUltraLowPower
                0x00000000080038b4       0x1c ../../boards/NucleoL152/CMakeFiles/NucleoL152.dir/__/mcu/stm32/STM32L1xx_HAL_Driver/Src/stm32l1xx_hal_pwr_ex.c.obj
                0x00000000080038b4                HAL_PWREx_EnableUltraLowPower
 .text.RCC_SetFlashLatencyFromMSIRange
                0x00000000080038d0       0x94 ../../boards/NucleoL152/CMakeFiles/NucleoL152.dir/__/mcu/stm32/STM32L1xx_HAL_Driver/Src/stm32l1xx_hal_rcc.c.obj
 .text.HAL_RCC_OscConfig
                0x0000000008003964      0x95c ../../boards/NucleoL152/CMakeFiles/NucleoL152.dir/__/mcu/stm32/STM32L1xx_HAL_Driver/Src/stm32l1xx_hal_rcc.c.obj
                0x0000000008003964                HAL_RCC_OscConfig
 .text.HAL_RCC_GetSysClockFreq
                0x00000000080042c0       0x94 ../../boards/NucleoL152/CMakeFiles/NucleoL152.dir/__/mcu/stm32/STM32L1xx_HAL_Driver/Src/stm32l1xx_hal_rcc.c.obj
                0x00000000080042c0                HAL_RCC_GetSysClockFreq
 .text.HAL_RCC_ClockConfig
                0x0000000008004354      0x314 ../../boards/NucleoL152/CMakeFiles/NucleoL152.dir/__/mcu/stm32/STM32L1xx_HAL_Driver/Src/stm32l1xx_hal_rcc.c.obj
                0x0000000008004354                HAL_RCC_ClockConfig
 .text.HAL_RCC_GetHCLKFreq
                0x0000000008004668        0xc ../../boards/NucleoL152/CMakeFiles/NucleoL152.dir/__/mcu/stm32/STM32L1xx_HAL_Driver/Src/stm32l1xx_hal_rcc.c.obj
                0x0000000008004668                HAL_RCC_GetHCLKFreq
 .text.HAL_RCC_GetPCLK1Freq
                0x0000000008004674       0x2c ../../boards/NucleoL152/CMakeFiles/NucleoL152.dir/__/mcu/stm32/STM32L1xx_HAL_Driver/Src/stm32l1xx_hal_rcc.c.obj
                0x0000000008004674                HAL_RCC_GetPCLK1Freq
 .text.HAL_RCC_GetPCLK2Freq
                0x00000000080046a0       0x2c ../../boards/NucleoL152/CMakeFiles/NucleoL152.dir/__/mcu/stm32/STM32L1xx_HAL_Driver/Src/stm32l1xx_hal_rcc.c.obj
                0x00000000080046a0                HAL_RCC_GetPCLK2Freq
 .text.HAL_RCCEx_PeriphCLKConfig
                0x00000000080046cc      0x228 ../../boards/NucleoL152/CMakeFiles/NucleoL152.dir/__/mcu/stm32/STM32L1xx_HAL_Driver/Src/stm32l1xx_hal_rcc_ex.c.obj
                0x00000000080046cc                HAL_RCCEx_PeriphCLKConfig
 .text.HAL_RTC_MspInit
                0x00000000080048f4        0x2 ../../boards/NucleoL152/CMakeFiles/NucleoL152.dir/__/mcu/stm32/STM32L1xx_HAL_Driver/Src/stm32l1xx_hal_rtc.c.obj
                0x00000000080048f4                HAL_RTC_MspInit
 *fill*         0x00000000080048f6        0x2 
 .text.HAL_RTC_DeactivateAlarm
                0x00000000080048f8       0xd8 ../../boards/NucleoL152/CMakeFiles/NucleoL152.dir/__/mcu/stm32/STM32L1xx_HAL_Driver/Src/stm32l1xx_hal_rtc.c.obj
                0x00000000080048f8                HAL_RTC_DeactivateAlarm
 .text.RTC_EnterInitMode
                0x00000000080049d0       0x3c ../../boards/NucleoL152/CMakeFiles/NucleoL152.dir/__/mcu/stm32/STM32L1xx_HAL_Driver/Src/stm32l1xx_hal_rtc.c.obj
                0x00000000080049d0                RTC_EnterInitMode
 .text.HAL_RTC_Init
                0x0000000008004a0c      0x140 ../../boards/NucleoL152/CMakeFiles/NucleoL152.dir/__/mcu/stm32/STM32L1xx_HAL_Driver/Src/stm32l1xx_hal_rtc.c.obj
                0x0000000008004a0c                HAL_RTC_Init
 .text.RTC_ByteToBcd2
                0x0000000008004b4c       0x16 ../../boards/NucleoL152/CMakeFiles/NucleoL152.dir/__/mcu/stm32/STM32L1xx_HAL_Driver/Src/stm32l1xx_hal_rtc.c.obj
                0x0000000008004b4c                RTC_ByteToBcd2
 .text.RTC_Bcd2ToByte
                0x0000000008004b62       0x12 ../../boards/NucleoL152/CMakeFiles/NucleoL152.dir/__/mcu/stm32/STM32L1xx_HAL_Driver/Src/stm32l1xx_hal_rtc.c.obj
                0x0000000008004b62                RTC_Bcd2ToByte
 .text.HAL_RTC_SetTime
                0x0000000008004b74      0x20c ../../boards/NucleoL152/CMakeFiles/NucleoL152.dir/__/mcu/stm32/STM32L1xx_HAL_Driver/Src/stm32l1xx_hal_rtc.c.obj
                0x0000000008004b74                HAL_RTC_SetTime
 .text.HAL_RTC_SetDate
                0x0000000008004d80      0x184 ../../boards/NucleoL152/CMakeFiles/NucleoL152.dir/__/mcu/stm32/STM32L1xx_HAL_Driver/Src/stm32l1xx_hal_rtc.c.obj
                0x0000000008004d80                HAL_RTC_SetDate
 .text.HAL_RTC_GetDate
                0x0000000008004f04       0x5c ../../boards/NucleoL152/CMakeFiles/NucleoL152.dir/__/mcu/stm32/STM32L1xx_HAL_Driver/Src/stm32l1xx_hal_rtc.c.obj
                0x0000000008004f04                HAL_RTC_GetDate
 .text.HAL_RTC_GetTime
                0x0000000008004f60       0x70 ../../boards/NucleoL152/CMakeFiles/NucleoL152.dir/__/mcu/stm32/STM32L1xx_HAL_Driver/Src/stm32l1xx_hal_rtc_ex.c.obj
                0x0000000008004f60                HAL_RTC_GetTime
 .text.HAL_RTC_SetAlarm_IT
                0x0000000008004fd0      0x3a8 ../../boards/NucleoL152/CMakeFiles/NucleoL152.dir/__/mcu/stm32/STM32L1xx_HAL_Driver/Src/stm32l1xx_hal_rtc_ex.c.obj
                0x0000000008004fd0                HAL_RTC_SetAlarm_IT
 .text.HAL_RTC_GetAlarm
                0x0000000008005378       0xbc ../../boards/NucleoL152/CMakeFiles/NucleoL152.dir/__/mcu/stm32/STM32L1xx_HAL_Driver/Src/stm32l1xx_hal_rtc_ex.c.obj
                0x0000000008005378                HAL_RTC_GetAlarm
 .text.HAL_RTC_WaitForSynchro
                0x0000000008005434       0x3e ../../boards/NucleoL152/CMakeFiles/NucleoL152.dir/__/mcu/stm32/STM32L1xx_HAL_Driver/Src/stm32l1xx_hal_rtc_ex.c.obj
                0x0000000008005434                HAL_RTC_WaitForSynchro
 .text.HAL_RTCEx_EnableBypassShadow
                0x0000000008005472       0x38 ../../boards/NucleoL152/CMakeFiles/NucleoL152.dir/__/mcu/stm32/STM32L1xx_HAL_Driver/Src/stm32l1xx_hal_rtc_ex.c.obj
                0x0000000008005472                HAL_RTCEx_EnableBypassShadow
 .text.HAL_SPI_MspInit
                0x00000000080054aa        0x2 ../../boards/NucleoL152/CMakeFiles/NucleoL152.dir/__/mcu/stm32/STM32L1xx_HAL_Driver/Src/stm32l1xx_hal_spi.c.obj
                0x00000000080054aa                HAL_SPI_MspInit
 .text.HAL_SPI_MspDeInit
                0x00000000080054ac        0x2 ../../boards/NucleoL152/CMakeFiles/NucleoL152.dir/__/mcu/stm32/STM32L1xx_HAL_Driver/Src/stm32l1xx_hal_spi.c.obj
                0x00000000080054ac                HAL_SPI_MspDeInit
 .text.HAL_SPI_DeInit
                0x00000000080054ae       0x26 ../../boards/NucleoL152/CMakeFiles/NucleoL152.dir/__/mcu/stm32/STM32L1xx_HAL_Driver/Src/stm32l1xx_hal_spi.c.obj
                0x00000000080054ae                HAL_SPI_DeInit
 .text.HAL_SPI_Init
                0x00000000080054d4      0x1a8 ../../boards/NucleoL152/CMakeFiles/NucleoL152.dir/__/mcu/stm32/STM32L1xx_HAL_Driver/Src/stm32l1xx_hal_spi_ex.c.obj
                0x00000000080054d4                HAL_SPI_Init
 .text.UART_Transmit_IT
                0x000000000800567c       0x6c ../../boards/NucleoL152/CMakeFiles/NucleoL152.dir/__/mcu/stm32/STM32L1xx_HAL_Driver/Src/stm32l1xx_hal_uart.c.obj
 .text.UART_SetConfig
                0x00000000080056e8      0x390 ../../boards/NucleoL152/CMakeFiles/NucleoL152.dir/__/mcu/stm32/STM32L1xx_HAL_Driver/Src/stm32l1xx_hal_uart.c.obj
 .text.HAL_UART_MspInit
                0x0000000008005a78        0x2 ../../boards/NucleoL152/CMakeFiles/NucleoL152.dir/__/mcu/stm32/STM32L1xx_HAL_Driver/Src/stm32l1xx_hal_uart.c.obj
                0x0000000008005a78                HAL_UART_MspInit
 *fill*         0x0000000008005a7a        0x2 
 .text.HAL_UART_Init
                0x0000000008005a7c      0x10c ../../boards/NucleoL152/CMakeFiles/NucleoL152.dir/__/mcu/stm32/STM32L1xx_HAL_Driver/Src/stm32l1xx_hal_uart.c.obj
                0x0000000008005a7c                HAL_UART_Init
 .text.HAL_UART_Transmit_IT
                0x0000000008005b88       0x66 ../../boards/NucleoL152/CMakeFiles/NucleoL152.dir/__/mcu/stm32/STM32L1xx_HAL_Driver/Src/stm32l1xx_hal_uart.c.obj
                0x0000000008005b88                HAL_UART_Transmit_IT
 .text.HAL_UART_Receive_IT
                0x0000000008005bee       0x7e ../../boards/NucleoL152/CMakeFiles/NucleoL152.dir/__/mcu/stm32/STM32L1xx_HAL_Driver/Src/stm32l1xx_hal_uart.c.obj
                0x0000000008005bee                HAL_UART_Receive_IT
 .text.UART_EndTransmit_IT
                0x0000000008005c6c       0x2c ../../boards/NucleoL152/CMakeFiles/NucleoL152.dir/__/mcu/stm32/STM32L1xx_HAL_Driver/Src/stm32l1xx_hal_uart.c.obj
 .text.UART_Receive_IT
                0x0000000008005c98       0xb6 ../../boards/NucleoL152/CMakeFiles/NucleoL152.dir/__/mcu/stm32/STM32L1xx_HAL_Driver/Src/stm32l1xx_hal_uart.c.obj
 .text.HAL_UART_IRQHandler
                0x0000000008005d4e       0xca ../../boards/NucleoL152/CMakeFiles/NucleoL152.dir/__/mcu/stm32/STM32L1xx_HAL_Driver/Src/stm32l1xx_hal_uart.c.obj
                0x0000000008005d4e                HAL_UART_IRQHandler
 .text.SX1272GetPaSelect
                0x0000000008005e18        0x4 ../../boards/NucleoL152/CMakeFiles/NucleoL152.dir/sx1272mb2das-board.c.obj
 .text.SX1272CheckRfFrequency
                0x0000000008005e1c        0x4 ../../boards/NucleoL152/CMakeFiles/NucleoL152.dir/sx1272mb2das-board.c.obj
                0x0000000008005e1c                SX1272CheckRfFrequency
 .text.SX1272IoInit
                0x0000000008005e20       0x74 ../../boards/NucleoL152/CMakeFiles/NucleoL152.dir/sx1272mb2das-board.c.obj
                0x0000000008005e20                SX1272IoInit
 .text.SX1272IoIrqInit
                0x0000000008005e94       0x44 ../../boards/NucleoL152/CMakeFiles/NucleoL152.dir/sx1272mb2das-board.c.obj
                0x0000000008005e94                SX1272IoIrqInit
 .text.SX1272IoDeInit
                0x0000000008005ed8       0x68 ../../boards/NucleoL152/CMakeFiles/NucleoL152.dir/sx1272mb2das-board.c.obj
                0x0000000008005ed8                SX1272IoDeInit
 .text.SX1272GetBoardTcxoWakeupTime
                0x0000000008005f40        0x4 ../../boards/NucleoL152/CMakeFiles/NucleoL152.dir/sx1272mb2das-board.c.obj
                0x0000000008005f40                SX1272GetBoardTcxoWakeupTime
 .text.SX1272Reset
                0x0000000008005f44       0x40 ../../boards/NucleoL152/CMakeFiles/NucleoL152.dir/sx1272mb2das-board.c.obj
                0x0000000008005f44                SX1272Reset
 .text.SX1272SetRfTxPower
                0x0000000008005f84       0xb8 ../../boards/NucleoL152/CMakeFiles/NucleoL152.dir/sx1272mb2das-board.c.obj
                0x0000000008005f84                SX1272SetRfTxPower
 .text.SX1272AntSwInit
                0x000000000800603c       0x20 ../../boards/NucleoL152/CMakeFiles/NucleoL152.dir/sx1272mb2das-board.c.obj
                0x000000000800603c                SX1272AntSwInit
 .text.SX1272AntSwDeInit
                0x000000000800605c       0x20 ../../boards/NucleoL152/CMakeFiles/NucleoL152.dir/sx1272mb2das-board.c.obj
                0x000000000800605c                SX1272AntSwDeInit
 .text.SX1272SetAntSwLowPower
                0x000000000800607c       0x20 ../../boards/NucleoL152/CMakeFiles/NucleoL152.dir/sx1272mb2das-board.c.obj
                0x000000000800607c                SX1272SetAntSwLowPower
 .text.SX1272SetAntSw
                0x000000000800609c       0x20 ../../boards/NucleoL152/CMakeFiles/NucleoL152.dir/sx1272mb2das-board.c.obj
                0x000000000800609c                SX1272SetAntSw
 *fill*         0x00000000080060bc        0x4 
 .text.ceil     0x00000000080060c0      0x110 /usr/bin/../lib/gcc/arm-none-eabi/7.3.1/../../../../arm-none-eabi/lib/thumb/v7-m/libm.a(lib_a-s_ceil.o)
                0x00000000080060c0                ceil
 .text.floor    0x00000000080061d0      0x108 /usr/bin/../lib/gcc/arm-none-eabi/7.3.1/../../../../arm-none-eabi/lib/thumb/v7-m/libm.a(lib_a-s_floor.o)
                0x00000000080061d0                floor
 .text.round    0x00000000080062d8       0x9c /usr/bin/../lib/gcc/arm-none-eabi/7.3.1/../../../../arm-none-eabi/lib/thumb/v7-m/libm.a(lib_a-s_round.o)
                0x00000000080062d8                round
 .text          0x0000000008006374      0x378 /usr/bin/../lib/gcc/arm-none-eabi/7.3.1/thumb/v7-m/libgcc.a(_arm_addsubdf3.o)
                0x0000000008006374                __aeabi_drsub
                0x000000000800637c                __aeabi_dsub
                0x000000000800637c                __subdf3
                0x0000000008006380                __adddf3
                0x0000000008006380                __aeabi_dadd
                0x00000000080065f8                __aeabi_ui2d
                0x00000000080065f8                __floatunsidf
                0x0000000008006618                __floatsidf
                0x0000000008006618                __aeabi_i2d
                0x000000000800663c                __extendsfdf2
                0x000000000800663c                __aeabi_f2d
                0x0000000008006680                __aeabi_ul2d
                0x0000000008006680                __floatundidf
                0x0000000008006690                __floatdidf
                0x0000000008006690                __aeabi_l2d
 .text          0x00000000080066ec      0x424 /usr/bin/../lib/gcc/arm-none-eabi/7.3.1/thumb/v7-m/libgcc.a(_arm_muldivdf3.o)
                0x00000000080066ec                __aeabi_dmul
                0x00000000080066ec                __muldf3
                0x0000000008006940                __aeabi_ddiv
                0x0000000008006940                __divdf3
 .text          0x0000000008006b10      0x110 /usr/bin/../lib/gcc/arm-none-eabi/7.3.1/thumb/v7-m/libgcc.a(_arm_cmpdf2.o)
                0x0000000008006b10                __gtdf2
                0x0000000008006b10                __gedf2
                0x0000000008006b18                __ltdf2
                0x0000000008006b18                __ledf2
                0x0000000008006b20                __cmpdf2
                0x0000000008006b20                __eqdf2
                0x0000000008006b20                __nedf2
                0x0000000008006b9c                __aeabi_cdrcmple
                0x0000000008006bac                __aeabi_cdcmple
                0x0000000008006bac                __aeabi_cdcmpeq
                0x0000000008006bbc                __aeabi_dcmpeq
                0x0000000008006bd0                __aeabi_dcmplt
                0x0000000008006be4                __aeabi_dcmple
                0x0000000008006bf8                __aeabi_dcmpge
                0x0000000008006c0c                __aeabi_dcmpgt
 .text          0x0000000008006c20       0x50 /usr/bin/../lib/gcc/arm-none-eabi/7.3.1/thumb/v7-m/libgcc.a(_arm_fixdfsi.o)
                0x0000000008006c20                __fixdfsi
                0x0000000008006c20                __aeabi_d2iz
 .text          0x0000000008006c70       0x40 /usr/bin/../lib/gcc/arm-none-eabi/7.3.1/thumb/v7-m/libgcc.a(_arm_fixunsdfsi.o)
                0x0000000008006c70                __fixunsdfsi
                0x0000000008006c70                __aeabi_d2uiz
 .text          0x0000000008006cb0       0x30 /usr/bin/../lib/gcc/arm-none-eabi/7.3.1/thumb/v7-m/libgcc.a(_aeabi_uldivmod.o)
                0x0000000008006cb0                __aeabi_uldivmod
 .text          0x0000000008006ce0      0x2d0 /usr/bin/../lib/gcc/arm-none-eabi/7.3.1/thumb/v7-m/libgcc.a(_udivmoddi4.o)
                0x0000000008006ce0                __udivmoddi4
 .text          0x0000000008006fb0        0x4 /usr/bin/../lib/gcc/arm-none-eabi/7.3.1/thumb/v7-m/libgcc.a(_dvmd_tls.o)
                0x0000000008006fb0                __aeabi_ldiv0
                0x0000000008006fb0                __aeabi_idiv0
 .text.__libc_init_array
                0x0000000008006fb4       0x48 /usr/bin/../lib/gcc/arm-none-eabi/7.3.1/../../../../arm-none-eabi/lib/thumb/v7-m/libg_nano.a(lib_a-init.o)
                0x0000000008006fb4                __libc_init_array
 .text.memcpy   0x0000000008006ffc       0x16 /usr/bin/../lib/gcc/arm-none-eabi/7.3.1/../../../../arm-none-eabi/lib/thumb/v7-m/libg_nano.a(lib_a-memcpy-stub.o)
                0x0000000008006ffc                memcpy
 .text.memset   0x0000000008007012       0x10 /usr/bin/../lib/gcc/arm-none-eabi/7.3.1/../../../../arm-none-eabi/lib/thumb/v7-m/libg_nano.a(lib_a-memset.o)
                0x0000000008007012                memset
 *fill*         0x0000000008007022        0x2 
 .text.printf   0x0000000008007024       0x30 /usr/bin/../lib/gcc/arm-none-eabi/7.3.1/../../../../arm-none-eabi/lib/thumb/v7-m/libg_nano.a(lib_a-printf.o)
                0x0000000008007024                printf
                0x0000000008007024                iprintf
 .text.strncmp  0x0000000008007054       0x24 /usr/bin/../lib/gcc/arm-none-eabi/7.3.1/../../../../arm-none-eabi/lib/thumb/v7-m/libg_nano.a(lib_a-strncmp.o)
                0x0000000008007054                strncmp
 .text.std      0x0000000008007078       0x48 /usr/bin/../lib/gcc/arm-none-eabi/7.3.1/../../../../arm-none-eabi/lib/thumb/v7-m/libg_nano.a(lib_a-findfp.o)
 .text._cleanup_r
                0x00000000080070c0        0xc /usr/bin/../lib/gcc/arm-none-eabi/7.3.1/../../../../arm-none-eabi/lib/thumb/v7-m/libg_nano.a(lib_a-findfp.o)
                0x00000000080070c0                _cleanup_r
 .text.__sfmoreglue
                0x00000000080070cc       0x2c /usr/bin/../lib/gcc/arm-none-eabi/7.3.1/../../../../arm-none-eabi/lib/thumb/v7-m/libg_nano.a(lib_a-findfp.o)
                0x00000000080070cc                __sfmoreglue
 .text.__sinit  0x00000000080070f8       0x60 /usr/bin/../lib/gcc/arm-none-eabi/7.3.1/../../../../arm-none-eabi/lib/thumb/v7-m/libg_nano.a(lib_a-findfp.o)
                0x00000000080070f8                __sinit
 .text.__sfp    0x0000000008007158       0x78 /usr/bin/../lib/gcc/arm-none-eabi/7.3.1/../../../../arm-none-eabi/lib/thumb/v7-m/libg_nano.a(lib_a-findfp.o)
                0x0000000008007158                __sfp
 .text._fwalk_reent
                0x00000000080071d0       0x3c /usr/bin/../lib/gcc/arm-none-eabi/7.3.1/../../../../arm-none-eabi/lib/thumb/v7-m/libg_nano.a(lib_a-fwalk.o)
                0x00000000080071d0                _fwalk_reent
 .text._malloc_r
                0x000000000800720c       0xb4 /usr/bin/../lib/gcc/arm-none-eabi/7.3.1/../../../../arm-none-eabi/lib/thumb/v7-m/libg_nano.a(lib_a-nano-mallocr.o)
                0x000000000800720c                _malloc_r
 .text.__sfputc_r
                0x00000000080072c0       0x2a /usr/bin/../lib/gcc/arm-none-eabi/7.3.1/../../../../arm-none-eabi/lib/thumb/v7-m/libg_nano.a(lib_a-nano-vfprintf.o)
 .text.__sfputs_r
                0x00000000080072ea       0x24 /usr/bin/../lib/gcc/arm-none-eabi/7.3.1/../../../../arm-none-eabi/lib/thumb/v7-m/libg_nano.a(lib_a-nano-vfprintf.o)
                0x00000000080072ea                __sfputs_r
 *fill*         0x000000000800730e        0x2 
 .text._vfprintf_r
                0x0000000008007310      0x22c /usr/bin/../lib/gcc/arm-none-eabi/7.3.1/../../../../arm-none-eabi/lib/thumb/v7-m/libg_nano.a(lib_a-nano-vfprintf.o)
                0x0000000008007310                _vfiprintf_r
                0x0000000008007310                _vfprintf_r
 .text._printf_common
                0x000000000800753c       0xec /usr/bin/../lib/gcc/arm-none-eabi/7.3.1/../../../../arm-none-eabi/lib/thumb/v7-m/libg_nano.a(lib_a-nano-vfprintf_i.o)
                0x000000000800753c                _printf_common
 .text._printf_i
                0x0000000008007628      0x224 /usr/bin/../lib/gcc/arm-none-eabi/7.3.1/../../../../arm-none-eabi/lib/thumb/v7-m/libg_nano.a(lib_a-nano-vfprintf_i.o)
                0x0000000008007628                _printf_i
 .text._sbrk_r  0x000000000800784c       0x20 /usr/bin/../lib/gcc/arm-none-eabi/7.3.1/../../../../arm-none-eabi/lib/thumb/v7-m/libg_nano.a(lib_a-sbrkr.o)
                0x000000000800784c                _sbrk_r
 .text.__sread  0x000000000800786c       0x22 /usr/bin/../lib/gcc/arm-none-eabi/7.3.1/../../../../arm-none-eabi/lib/thumb/v7-m/libg_nano.a(lib_a-stdio.o)
                0x000000000800786c                __sread
 .text.__swrite
                0x000000000800788e       0x38 /usr/bin/../lib/gcc/arm-none-eabi/7.3.1/../../../../arm-none-eabi/lib/thumb/v7-m/libg_nano.a(lib_a-stdio.o)
                0x000000000800788e                __swrite
 .text.__sseek  0x00000000080078c6       0x24 /usr/bin/../lib/gcc/arm-none-eabi/7.3.1/../../../../arm-none-eabi/lib/thumb/v7-m/libg_nano.a(lib_a-stdio.o)
                0x00000000080078c6                __sseek
 .text.__sclose
                0x00000000080078ea        0x8 /usr/bin/../lib/gcc/arm-none-eabi/7.3.1/../../../../arm-none-eabi/lib/thumb/v7-m/libg_nano.a(lib_a-stdio.o)
                0x00000000080078ea                __sclose
 *fill*         0x00000000080078f2        0x2 
 .text.__swbuf_r
                0x00000000080078f4       0xa4 /usr/bin/../lib/gcc/arm-none-eabi/7.3.1/../../../../arm-none-eabi/lib/thumb/v7-m/libg_nano.a(lib_a-wbuf.o)
                0x00000000080078f4                __swbuf_r
 .text._write_r
                0x0000000008007998       0x24 /usr/bin/../lib/gcc/arm-none-eabi/7.3.1/../../../../arm-none-eabi/lib/thumb/v7-m/libg_nano.a(lib_a-writer.o)
                0x0000000008007998                _write_r
 .text.__swsetup_r
                0x00000000080079bc       0xdc /usr/bin/../lib/gcc/arm-none-eabi/7.3.1/../../../../arm-none-eabi/lib/thumb/v7-m/libg_nano.a(lib_a-wsetup.o)
                0x00000000080079bc                __swsetup_r
 .text._close_r
                0x0000000008007a98       0x20 /usr/bin/../lib/gcc/arm-none-eabi/7.3.1/../../../../arm-none-eabi/lib/thumb/v7-m/libg_nano.a(lib_a-closer.o)
                0x0000000008007a98                _close_r
 .text.__sflush_r
                0x0000000008007ab8      0x10c /usr/bin/../lib/gcc/arm-none-eabi/7.3.1/../../../../arm-none-eabi/lib/thumb/v7-m/libg_nano.a(lib_a-fflush.o)
                0x0000000008007ab8                __sflush_r
 .text._fflush_r
                0x0000000008007bc4       0x54 /usr/bin/../lib/gcc/arm-none-eabi/7.3.1/../../../../arm-none-eabi/lib/thumb/v7-m/libg_nano.a(lib_a-fflush.o)
                0x0000000008007bc4                _fflush_r
 .text._lseek_r
                0x0000000008007c18       0x24 /usr/bin/../lib/gcc/arm-none-eabi/7.3.1/../../../../arm-none-eabi/lib/thumb/v7-m/libg_nano.a(lib_a-lseekr.o)
                0x0000000008007c18                _lseek_r
 .text.__swhatbuf_r
                0x0000000008007c3c       0x48 /usr/bin/../lib/gcc/arm-none-eabi/7.3.1/../../../../arm-none-eabi/lib/thumb/v7-m/libg_nano.a(lib_a-makebuf.o)
                0x0000000008007c3c                __swhatbuf_r
 .text.__smakebuf_r
                0x0000000008007c84       0x80 /usr/bin/../lib/gcc/arm-none-eabi/7.3.1/../../../../arm-none-eabi/lib/thumb/v7-m/libg_nano.a(lib_a-makebuf.o)
                0x0000000008007c84                __smakebuf_r
 .text.memchr   0x0000000008007d04       0x1c /usr/bin/../lib/gcc/arm-none-eabi/7.3.1/../../../../arm-none-eabi/lib/thumb/v7-m/libg_nano.a(lib_a-memchr-stub.o)
                0x0000000008007d04                memchr
 .text.__malloc_lock
                0x0000000008007d20        0x2 /usr/bin/../lib/gcc/arm-none-eabi/7.3.1/../../../../arm-none-eabi/lib/thumb/v7-m/libg_nano.a(lib_a-mlock.o)
                0x0000000008007d20                __malloc_lock
 .text.__malloc_unlock
                0x0000000008007d22        0x2 /usr/bin/../lib/gcc/arm-none-eabi/7.3.1/../../../../arm-none-eabi/lib/thumb/v7-m/libg_nano.a(lib_a-mlock.o)
                0x0000000008007d22                __malloc_unlock
 .text._free_r  0x0000000008007d24       0x98 /usr/bin/../lib/gcc/arm-none-eabi/7.3.1/../../../../arm-none-eabi/lib/thumb/v7-m/libg_nano.a(lib_a-nano-freer.o)
                0x0000000008007d24                _free_r
 .text._read_r  0x0000000008007dbc       0x24 /usr/bin/../lib/gcc/arm-none-eabi/7.3.1/../../../../arm-none-eabi/lib/thumb/v7-m/libg_nano.a(lib_a-readr.o)
                0x0000000008007dbc                _read_r
 .text._fstat_r
                0x0000000008007de0       0x24 /usr/bin/../lib/gcc/arm-none-eabi/7.3.1/../../../../arm-none-eabi/lib/thumb/v7-m/libg_nano.a(lib_a-fstatr.o)
                0x0000000008007de0                _fstat_r
 .text._isatty_r
                0x0000000008007e04       0x20 /usr/bin/../lib/gcc/arm-none-eabi/7.3.1/../../../../arm-none-eabi/lib/thumb/v7-m/libg_nano.a(lib_a-isattyr.o)
                0x0000000008007e04                _isatty_r
 .text._close   0x0000000008007e24       0x10 /usr/bin/../lib/gcc/arm-none-eabi/7.3.1/../../../../arm-none-eabi/lib/thumb/v7-m/libnosys.a(close.o)
                0x0000000008007e24                _close
 .text._fstat   0x0000000008007e34       0x10 /usr/bin/../lib/gcc/arm-none-eabi/7.3.1/../../../../arm-none-eabi/lib/thumb/v7-m/libnosys.a(fstat.o)
                0x0000000008007e34                _fstat
 .text._isatty  0x0000000008007e44       0x10 /usr/bin/../lib/gcc/arm-none-eabi/7.3.1/../../../../arm-none-eabi/lib/thumb/v7-m/libnosys.a(isatty.o)
                0x0000000008007e44                _isatty
 .text._lseek   0x0000000008007e54       0x10 /usr/bin/../lib/gcc/arm-none-eabi/7.3.1/../../../../arm-none-eabi/lib/thumb/v7-m/libnosys.a(lseek.o)
                0x0000000008007e54                _lseek
 .text._sbrk    0x0000000008007e64       0x1c /usr/bin/../lib/gcc/arm-none-eabi/7.3.1/../../../../arm-none-eabi/lib/thumb/v7-m/libnosys.a(sbrk.o)
                0x0000000008007e64                _sbrk
 *(.init)
 .init          0x0000000008007e80        0x4 /usr/bin/../lib/gcc/arm-none-eabi/7.3.1/thumb/v7-m/crti.o
                0x0000000008007e80                _init
 .init          0x0000000008007e84        0x8 /usr/bin/../lib/gcc/arm-none-eabi/7.3.1/thumb/v7-m/crtn.o
 *(.fini)
 .fini          0x0000000008007e8c        0x4 /usr/bin/../lib/gcc/arm-none-eabi/7.3.1/thumb/v7-m/crti.o
                0x0000000008007e8c                _fini
 .fini          0x0000000008007e90        0x8 /usr/bin/../lib/gcc/arm-none-eabi/7.3.1/thumb/v7-m/crtn.o
 *crtbegin.o(.ctors)
 *crtbegin?.o(.ctors)
 *(EXCLUDE_FILE(*crtend.o *crtend?.o) .ctors)
 *(SORT_BY_NAME(.ctors.*))
 *(.ctors)
 *crtbegin.o(.dtors)
 *crtbegin?.o(.dtors)
 *(EXCLUDE_FILE(*crtend.o *crtend?.o) .dtors)
 *(SORT_BY_NAME(.dtors.*))
 *(.dtors)
 *(.rodata*)
 .rodata.PingMsg
                0x0000000008007e98        0x5 CMakeFiles/ping-pong.dir/NucleoL152/main.c.obj
                0x0000000008007e98                PingMsg
 *fill*         0x0000000008007e9d        0x3 
 .rodata.PongMsg
                0x0000000008007ea0        0x5 CMakeFiles/ping-pong.dir/NucleoL152/main.c.obj
                0x0000000008007ea0                PongMsg
 *fill*         0x0000000008007ea5        0x3 
 .rodata.FskBandwidths
                0x0000000008007ea8       0xb0 ../../radio/CMakeFiles/radio.dir/sx1272/sx1272.c.obj
                0x0000000008007ea8                FskBandwidths
 .rodata.RadioRegsInit
                0x0000000008007f58       0x33 ../../radio/CMakeFiles/radio.dir/sx1272/sx1272.c.obj
                0x0000000008007f58                RadioRegsInit
 *fill*         0x0000000008007f8b        0x1 
 .rodata.SystemClockConfig.str1.4
                0x0000000008007f8c       0x40 ../../boards/NucleoL152/CMakeFiles/NucleoL152.dir/board.c.obj
 .rodata.assert_failed.str1.4
                0x0000000008007fcc       0x2e ../../boards/NucleoL152/CMakeFiles/NucleoL152.dir/board.c.obj
 *fill*         0x0000000008007ffa        0x2 
 .rodata.GpioMcuWrite.str1.4
                0x0000000008007ffc       0x45 ../../boards/NucleoL152/CMakeFiles/NucleoL152.dir/gpio-board.c.obj
 *fill*         0x0000000008008041        0x3 
 .rodata.DaysInMonth
                0x0000000008008044        0xc ../../boards/NucleoL152/CMakeFiles/NucleoL152.dir/rtc-board.c.obj
 .rodata.DaysInMonthLeapYear
                0x0000000008008050        0xc ../../boards/NucleoL152/CMakeFiles/NucleoL152.dir/rtc-board.c.obj
 .rodata.SpiInOut.str1.4
                0x000000000800805c       0x44 ../../boards/NucleoL152/CMakeFiles/NucleoL152.dir/spi-board.c.obj
 .rodata.UartMcuConfig.str1.4
                0x00000000080080a0       0x45 ../../boards/NucleoL152/CMakeFiles/NucleoL152.dir/uart-board.c.obj
 *fill*         0x00000000080080e5        0x3 
 .rodata.AHBPrescTable
                0x00000000080080e8       0x10 ../../boards/NucleoL152/CMakeFiles/NucleoL152.dir/cmsis/system_stm32l1xx.c.obj
                0x00000000080080e8                AHBPrescTable
 .rodata.APBPrescTable
                0x00000000080080f8        0x8 ../../boards/NucleoL152/CMakeFiles/NucleoL152.dir/cmsis/system_stm32l1xx.c.obj
                0x00000000080080f8                APBPrescTable
 .rodata.PLLMulTable
                0x0000000008008100        0x9 ../../boards/NucleoL152/CMakeFiles/NucleoL152.dir/cmsis/system_stm32l1xx.c.obj
                0x0000000008008100                PLLMulTable
 *fill*         0x0000000008008109        0x3 
 .rodata.HAL_NVIC_SetPriorityGrouping.str1.4
                0x000000000800810c       0x67 ../../boards/NucleoL152/CMakeFiles/NucleoL152.dir/__/mcu/stm32/STM32L1xx_HAL_Driver/Src/stm32l1xx_hal_cortex.c.obj
 *fill*         0x0000000008008173        0x1 
 .rodata.HAL_GPIO_Init.str1.4
                0x0000000008008174       0x65 ../../boards/NucleoL152/CMakeFiles/NucleoL152.dir/__/mcu/stm32/STM32L1xx_HAL_Driver/Src/stm32l1xx_hal_gpio.c.obj
 *fill*         0x00000000080081d9        0x3 
 .rodata.HAL_PWR_ConfigPVD.str1.4
                0x00000000080081dc       0x64 ../../boards/NucleoL152/CMakeFiles/NucleoL152.dir/__/mcu/stm32/STM32L1xx_HAL_Driver/Src/stm32l1xx_hal_pwr.c.obj
 .rodata.HAL_RCC_OscConfig.str1.4
                0x0000000008008240       0x64 ../../boards/NucleoL152/CMakeFiles/NucleoL152.dir/__/mcu/stm32/STM32L1xx_HAL_Driver/Src/stm32l1xx_hal_rcc.c.obj
 .rodata.HAL_RCCEx_PeriphCLKConfig.str1.4
                0x00000000080082a4       0x67 ../../boards/NucleoL152/CMakeFiles/NucleoL152.dir/__/mcu/stm32/STM32L1xx_HAL_Driver/Src/stm32l1xx_hal_rcc_ex.c.obj
 *fill*         0x000000000800830b        0x1 
 .rodata.HAL_RTC_DeactivateAlarm.str1.4
                0x000000000800830c       0x64 ../../boards/NucleoL152/CMakeFiles/NucleoL152.dir/__/mcu/stm32/STM32L1xx_HAL_Driver/Src/stm32l1xx_hal_rtc.c.obj
 .rodata.HAL_RTC_GetTime.str1.4
                0x0000000008008370       0x67 ../../boards/NucleoL152/CMakeFiles/NucleoL152.dir/__/mcu/stm32/STM32L1xx_HAL_Driver/Src/stm32l1xx_hal_rtc_ex.c.obj
 *fill*         0x00000000080083d7        0x1 
 .rodata.HAL_SPI_Init.str1.4
                0x00000000080083d8       0x67 ../../boards/NucleoL152/CMakeFiles/NucleoL152.dir/__/mcu/stm32/STM32L1xx_HAL_Driver/Src/stm32l1xx_hal_spi_ex.c.obj
 *fill*         0x000000000800843f        0x1 
 .rodata.UART_SetConfig.str1.4
                0x0000000008008440       0x68 ../../boards/NucleoL152/CMakeFiles/NucleoL152.dir/__/mcu/stm32/STM32L1xx_HAL_Driver/Src/stm32l1xx_hal_uart.c.obj
                                         0x65 (size before relaxing)
 .rodata.Radio  0x00000000080084a8       0x6c ../../boards/NucleoL152/CMakeFiles/NucleoL152.dir/sx1272mb2das-board.c.obj
                0x00000000080084a8                Radio
 .rodata._global_impure_ptr
                0x0000000008008514        0x4 /usr/bin/../lib/gcc/arm-none-eabi/7.3.1/../../../../arm-none-eabi/lib/thumb/v7-m/libg_nano.a(lib_a-impure.o)
                0x0000000008008514                _global_impure_ptr
 .rodata.__sf_fake_stderr
                0x0000000008008518       0x20 /usr/bin/../lib/gcc/arm-none-eabi/7.3.1/../../../../arm-none-eabi/lib/thumb/v7-m/libg_nano.a(lib_a-findfp.o)
                0x0000000008008518                __sf_fake_stderr
 .rodata.__sf_fake_stdin
                0x0000000008008538       0x20 /usr/bin/../lib/gcc/arm-none-eabi/7.3.1/../../../../arm-none-eabi/lib/thumb/v7-m/libg_nano.a(lib_a-findfp.o)
                0x0000000008008538                __sf_fake_stdin
 .rodata.__sf_fake_stdout
                0x0000000008008558       0x20 /usr/bin/../lib/gcc/arm-none-eabi/7.3.1/../../../../arm-none-eabi/lib/thumb/v7-m/libg_nano.a(lib_a-findfp.o)
                0x0000000008008558                __sf_fake_stdout
 .rodata._vfprintf_r.str1.1
                0x0000000008008578       0x11 /usr/bin/../lib/gcc/arm-none-eabi/7.3.1/../../../../arm-none-eabi/lib/thumb/v7-m/libg_nano.a(lib_a-nano-vfprintf.o)
 .rodata._printf_i.str1.1
                0x0000000008008589       0x22 /usr/bin/../lib/gcc/arm-none-eabi/7.3.1/../../../../arm-none-eabi/lib/thumb/v7-m/libg_nano.a(lib_a-nano-vfprintf_i.o)
 *(.eh_frame*)
 *fill*         0x00000000080085ab        0x1 
 .eh_frame      0x00000000080085ac        0x0 /usr/bin/../lib/gcc/arm-none-eabi/7.3.1/thumb/v7-m/crtbegin.o
 .eh_frame      0x00000000080085ac        0x4 /usr/bin/../lib/gcc/arm-none-eabi/7.3.1/thumb/v7-m/crtend.o

.glue_7         0x00000000080085b0        0x0
 .glue_7        0x00000000080085b0        0x0 linker stubs

.glue_7t        0x00000000080085b0        0x0
 .glue_7t       0x00000000080085b0        0x0 linker stubs

.vfp11_veneer   0x00000000080085b0        0x0
 .vfp11_veneer  0x00000000080085b0        0x0 linker stubs

.v4_bx          0x00000000080085b0        0x0
 .v4_bx         0x00000000080085b0        0x0 linker stubs

.iplt           0x00000000080085b0        0x0
 .iplt          0x00000000080085b0        0x0 /usr/bin/../lib/gcc/arm-none-eabi/7.3.1/thumb/v7-m/crtbegin.o

.ARM.extab
 *(.ARM.extab* .gnu.linkonce.armextab.*)
                0x00000000080085b0                __exidx_start = .

.ARM.exidx      0x00000000080085b0        0x8
 *(.ARM.exidx* .gnu.linkonce.armexidx.*)
 .ARM.exidx     0x00000000080085b0        0x8 /usr/bin/../lib/gcc/arm-none-eabi/7.3.1/thumb/v7-m/libgcc.a(_udivmoddi4.o)
                0x00000000080085b8                __exidx_end = .
                0x00000000080085b8                __etext = .
                0x00000000080085b8                _sidata = __etext

.rel.dyn        0x00000000080085b8        0x0
 .rel.iplt      0x00000000080085b8        0x0 /usr/bin/../lib/gcc/arm-none-eabi/7.3.1/thumb/v7-m/crtbegin.o

.data           0x0000000020000000       0x8c load address 0x00000000080085b8
                0x0000000020000000                __data_start__ = .
                0x0000000020000000                _sdata = .
 *(vtable)
 *(.data*)
 .data.BufferSize
                0x0000000020000000        0x2 CMakeFiles/ping-pong.dir/NucleoL152/main.c.obj
                0x0000000020000000                BufferSize
 *fill*         0x0000000020000002        0x2 
 .data.DioIrq   0x0000000020000004       0x18 ../../radio/CMakeFiles/radio.dir/sx1272/sx1272.c.obj
                0x0000000020000004                DioIrq
 .data.SystemCoreClock
                0x000000002000001c        0x4 ../../boards/NucleoL152/CMakeFiles/NucleoL152.dir/cmsis/system_stm32l1xx.c.obj
                0x000000002000001c                SystemCoreClock
 .data._impure_ptr
                0x0000000020000020        0x4 /usr/bin/../lib/gcc/arm-none-eabi/7.3.1/../../../../arm-none-eabi/lib/thumb/v7-m/libg_nano.a(lib_a-impure.o)
                0x0000000020000020                _impure_ptr
 .data.impure_data
                0x0000000020000024       0x60 /usr/bin/../lib/gcc/arm-none-eabi/7.3.1/../../../../arm-none-eabi/lib/thumb/v7-m/libg_nano.a(lib_a-impure.o)
                0x0000000020000084                . = ALIGN (0x4)
                0x0000000020000084                PROVIDE (__preinit_array_start = .)
 *(.preinit_array)
                0x0000000020000084                PROVIDE (__preinit_array_end = .)
                0x0000000020000084                . = ALIGN (0x4)
                0x0000000020000084                PROVIDE (__init_array_start = .)
 *(SORT_BY_NAME(.init_array.*))
 *(.init_array)
 .init_array    0x0000000020000084        0x4 /usr/bin/../lib/gcc/arm-none-eabi/7.3.1/thumb/v7-m/crtbegin.o
                0x0000000020000088                PROVIDE (__init_array_end = .)
                0x0000000020000088                . = ALIGN (0x4)
                [!provide]                        PROVIDE (__fini_array_start = .)
 *(SORT_BY_NAME(.fini_array.*))
 *(.fini_array)
 .fini_array    0x0000000020000088        0x4 /usr/bin/../lib/gcc/arm-none-eabi/7.3.1/thumb/v7-m/crtbegin.o
                [!provide]                        PROVIDE (__fini_array_end = .)
 *(.jcr*)
                0x000000002000008c                . = ALIGN (0x4)
                0x000000002000008c                __data_end__ = .
                0x000000002000008c                _edata = .

.igot.plt       0x000000002000008c        0x0 load address 0x0000000008008644
 .igot.plt      0x000000002000008c        0x0 /usr/bin/../lib/gcc/arm-none-eabi/7.3.1/thumb/v7-m/crtbegin.o

.bss            0x000000002000008c      0xd70 load address 0x0000000008008644
                0x000000002000008c                . = ALIGN (0x4)
                0x000000002000008c                __bss_start__ = .
                0x000000002000008c                _sbss = .
 *(.bss*)
 .bss           0x000000002000008c       0x1c /usr/bin/../lib/gcc/arm-none-eabi/7.3.1/thumb/v7-m/crtbegin.o
 .bss.RadioEvents
                0x00000000200000a8       0x1c CMakeFiles/ping-pong.dir/NucleoL152/main.c.obj
 .bss.RssiValue
                0x00000000200000c4        0x1 CMakeFiles/ping-pong.dir/NucleoL152/main.c.obj
                0x00000000200000c4                RssiValue
 .bss.SnrValue  0x00000000200000c5        0x1 CMakeFiles/ping-pong.dir/NucleoL152/main.c.obj
                0x00000000200000c5                SnrValue
 .bss.State     0x00000000200000c6        0x1 CMakeFiles/ping-pong.dir/NucleoL152/main.c.obj
                0x00000000200000c6                State
 *fill*         0x00000000200000c7        0x1 
 .bss.TimerListHead
                0x00000000200000c8        0x4 ../../system/CMakeFiles/system.dir/timer.c.obj
 .bss.RadioEvents
                0x00000000200000cc        0x4 ../../radio/CMakeFiles/radio.dir/sx1272/sx1272.c.obj
 .bss.RxTxBuffer
                0x00000000200000d0      0x100 ../../radio/CMakeFiles/radio.dir/sx1272/sx1272.c.obj
 .bss.CalibrateSystemWakeupTimeTimer
                0x00000000200001d0       0x18 ../../boards/NucleoL152/CMakeFiles/NucleoL152.dir/board.c.obj
 .bss.McuInitialized
                0x00000000200001e8        0x1 ../../boards/NucleoL152/CMakeFiles/NucleoL152.dir/board.c.obj
 .bss.SystemWakeupTimeCalibrated
                0x00000000200001e9        0x1 ../../boards/NucleoL152/CMakeFiles/NucleoL152.dir/board.c.obj
 .bss.UsbIsConnected
                0x00000000200001ea        0x1 ../../boards/NucleoL152/CMakeFiles/NucleoL152.dir/board.c.obj
 *fill*         0x00000000200001eb        0x1 
 .bss.GpioIrq   0x00000000200001ec       0x40 ../../boards/NucleoL152/CMakeFiles/NucleoL152.dir/gpio-board.c.obj
 .bss.OffModeDisable
                0x000000002000022c        0x4 ../../boards/NucleoL152/CMakeFiles/NucleoL152.dir/lpm-board.c.obj
 .bss.StopModeDisable
                0x0000000020000230        0x4 ../../boards/NucleoL152/CMakeFiles/NucleoL152.dir/lpm-board.c.obj
 .bss.McuWakeUpTimeCal
                0x0000000020000234        0x2 ../../boards/NucleoL152/CMakeFiles/NucleoL152.dir/rtc-board.c.obj
 .bss.McuWakeUpTimeInitialized
                0x0000000020000236        0x1 ../../boards/NucleoL152/CMakeFiles/NucleoL152.dir/rtc-board.c.obj
 *fill*         0x0000000020000237        0x1 
 .bss.RtcAlarm  0x0000000020000238       0x28 ../../boards/NucleoL152/CMakeFiles/NucleoL152.dir/rtc-board.c.obj
 .bss.RtcHandle
                0x0000000020000260       0x20 ../../boards/NucleoL152/CMakeFiles/NucleoL152.dir/rtc-board.c.obj
 .bss.RtcInitialized
                0x0000000020000280        0x1 ../../boards/NucleoL152/CMakeFiles/NucleoL152.dir/rtc-board.c.obj
 *fill*         0x0000000020000281        0x3 
 .bss.RtcTimerContext
                0x0000000020000284       0x1c ../../boards/NucleoL152/CMakeFiles/NucleoL152.dir/rtc-board.c.obj
 .bss.SpiHandle
                0x00000000200002a0       0xb0 ../../boards/NucleoL152/CMakeFiles/NucleoL152.dir/spi-board.c.obj
 .bss.RxData    0x0000000020000350        0x1 ../../boards/NucleoL152/CMakeFiles/NucleoL152.dir/uart-board.c.obj
                0x0000000020000350                RxData
 .bss.TxData    0x0000000020000351        0x1 ../../boards/NucleoL152/CMakeFiles/NucleoL152.dir/uart-board.c.obj
                0x0000000020000351                TxData
 *fill*         0x0000000020000352        0x2 
 .bss.UartHandle
                0x0000000020000354       0x40 ../../boards/NucleoL152/CMakeFiles/NucleoL152.dir/uart-board.c.obj
 .bss.RadioIsActive
                0x0000000020000394        0x1 ../../boards/NucleoL152/CMakeFiles/NucleoL152.dir/sx1272mb2das-board.c.obj
 *fill*         0x0000000020000395        0x3 
 .bss.__malloc_free_list
                0x0000000020000398        0x4 /usr/bin/../lib/gcc/arm-none-eabi/7.3.1/../../../../arm-none-eabi/lib/thumb/v7-m/libg_nano.a(lib_a-nano-mallocr.o)
                0x0000000020000398                __malloc_free_list
 .bss.__malloc_sbrk_start
                0x000000002000039c        0x4 /usr/bin/../lib/gcc/arm-none-eabi/7.3.1/../../../../arm-none-eabi/lib/thumb/v7-m/libg_nano.a(lib_a-nano-mallocr.o)
                0x000000002000039c                __malloc_sbrk_start
 .bss.heap_end.4102
                0x00000000200003a0        0x4 /usr/bin/../lib/gcc/arm-none-eabi/7.3.1/../../../../arm-none-eabi/lib/thumb/v7-m/libnosys.a(sbrk.o)
 *(COMMON)
 COMMON         0x00000000200003a4       0x40 CMakeFiles/ping-pong.dir/NucleoL152/main.c.obj
                0x00000000200003a4                Buffer
 COMMON         0x00000000200003e4      0x18c ../../radio/CMakeFiles/radio.dir/sx1272/sx1272.c.obj
                0x00000000200003e4                SX1272
                0x0000000020000528                TxTimeoutTimer
                0x0000000020000540                RxTimeoutSyncWord
                0x0000000020000558                RxTimeoutTimer
 COMMON         0x0000000020000570      0x870 ../../boards/NucleoL152/CMakeFiles/NucleoL152.dir/board.c.obj
                0x0000000020000570                Led2
                0x0000000020000584                Uart2RxBuffer
                0x0000000020000984                Led1
                0x0000000020000998                Uart2TxBuffer
                0x0000000020000d98                Uart2
 COMMON         0x0000000020000de0        0x4 ../../boards/NucleoL152/CMakeFiles/NucleoL152.dir/__/mcu/stm32/STM32L1xx_HAL_Driver/Src/stm32l1xx_hal.c.obj
                0x0000000020000de0                uwTick
 COMMON         0x0000000020000de4       0x14 ../../boards/NucleoL152/CMakeFiles/NucleoL152.dir/sx1272mb2das-board.c.obj
                0x0000000020000de4                AntSwitch
 COMMON         0x0000000020000df8        0x4 /usr/bin/../lib/gcc/arm-none-eabi/7.3.1/../../../../arm-none-eabi/lib/thumb/v7-m/libg_nano.a(lib_a-reent.o)
                0x0000000020000df8                errno
                0x0000000020000dfc                . = ALIGN (0x4)
                0x0000000020000dfc                __bss_end__ = .
                0x0000000020000dfc                _ebss = .

.heap           0x0000000020000dfc        0x0
                0x0000000020000dfc                __end__ = .
                [!provide]                        PROVIDE (_end = .)
                0x0000000020000dfc                PROVIDE (end = .)
 *(.heap*)
                0x0000000020000dfc                __HeapLimit = .

.stack_dummy    0x0000000020000dfc        0x0
 *(.stack*)
                0x0000000020014000                __StackTop = (ORIGIN (RAM) + LENGTH (RAM))
                0x0000000020014000                __StackLimit = (__StackTop - SIZEOF (.stack_dummy))
                0x0000000020014000                PROVIDE (__stack = __StackTop)
                0x0000000000000001                ASSERT ((__StackLimit >= __HeapLimit), region RAM overflowed with stack)
OUTPUT(ping-pong elf32-littlearm)

.ARM.attributes
                0x0000000000000000       0x2b
 .ARM.attributes
                0x0000000000000000       0x1d /usr/bin/../lib/gcc/arm-none-eabi/7.3.1/thumb/v7-m/crti.o
 .ARM.attributes
                0x000000000000001d       0x2d /usr/bin/../lib/gcc/arm-none-eabi/7.3.1/thumb/v7-m/crtbegin.o
 .ARM.attributes
                0x000000000000004a       0x2f CMakeFiles/ping-pong.dir/NucleoL152/main.c.obj
 .ARM.attributes
                0x0000000000000079       0x2f ../../system/CMakeFiles/system.dir/delay.c.obj
 .ARM.attributes
                0x00000000000000a8       0x2f ../../system/CMakeFiles/system.dir/fifo.c.obj
 .ARM.attributes
                0x00000000000000d7       0x2f ../../system/CMakeFiles/system.dir/gpio.c.obj
 .ARM.attributes
                0x0000000000000106       0x2f ../../system/CMakeFiles/system.dir/timer.c.obj
 .ARM.attributes
                0x0000000000000135       0x2f ../../system/CMakeFiles/system.dir/uart.c.obj
 .ARM.attributes
                0x0000000000000164       0x2f ../../radio/CMakeFiles/radio.dir/sx1272/sx1272.c.obj
 .ARM.attributes
                0x0000000000000193       0x2f ../../boards/NucleoL152/CMakeFiles/NucleoL152.dir/board.c.obj
 .ARM.attributes
                0x00000000000001c2       0x2f ../../boards/NucleoL152/CMakeFiles/NucleoL152.dir/delay-board.c.obj
 .ARM.attributes
                0x00000000000001f1       0x2f ../../boards/NucleoL152/CMakeFiles/NucleoL152.dir/gpio-board.c.obj
 .ARM.attributes
                0x0000000000000220       0x2f ../../boards/NucleoL152/CMakeFiles/NucleoL152.dir/lpm-board.c.obj
 .ARM.attributes
                0x000000000000024f       0x2f ../../boards/NucleoL152/CMakeFiles/NucleoL152.dir/rtc-board.c.obj
 .ARM.attributes
                0x000000000000027e       0x2f ../../boards/NucleoL152/CMakeFiles/NucleoL152.dir/spi-board.c.obj
 .ARM.attributes
                0x00000000000002ad       0x2f ../../boards/NucleoL152/CMakeFiles/NucleoL152.dir/uart-board.c.obj
 .ARM.attributes
                0x00000000000002dc       0x2f ../../boards/NucleoL152/CMakeFiles/NucleoL152.dir/__/mcu/stm32/sysIrqHandlers.c.obj
 .ARM.attributes
                0x000000000000030b       0x2f ../../boards/NucleoL152/CMakeFiles/NucleoL152.dir/__/mcu/utilities.c.obj
 .ARM.attributes
                0x000000000000033a       0x21 ../../boards/NucleoL152/CMakeFiles/NucleoL152.dir/cmsis/arm-gcc/startup_stm32l152xe.s.obj
 .ARM.attributes
                0x000000000000035b       0x2f ../../boards/NucleoL152/CMakeFiles/NucleoL152.dir/cmsis/system_stm32l1xx.c.obj
 .ARM.attributes
                0x000000000000038a       0x2f ../../boards/NucleoL152/CMakeFiles/NucleoL152.dir/__/mcu/stm32/STM32L1xx_HAL_Driver/Src/stm32l1xx_hal.c.obj
 .ARM.attributes
                0x00000000000003b9       0x2f ../../boards/NucleoL152/CMakeFiles/NucleoL152.dir/__/mcu/stm32/STM32L1xx_HAL_Driver/Src/stm32l1xx_hal_cortex.c.obj
 .ARM.attributes
                0x00000000000003e8       0x2f ../../boards/NucleoL152/CMakeFiles/NucleoL152.dir/__/mcu/stm32/STM32L1xx_HAL_Driver/Src/stm32l1xx_hal_gpio.c.obj
 .ARM.attributes
                0x0000000000000417       0x2f ../../boards/NucleoL152/CMakeFiles/NucleoL152.dir/__/mcu/stm32/STM32L1xx_HAL_Driver/Src/stm32l1xx_hal_pwr.c.obj
 .ARM.attributes
                0x0000000000000446       0x2f ../../boards/NucleoL152/CMakeFiles/NucleoL152.dir/__/mcu/stm32/STM32L1xx_HAL_Driver/Src/stm32l1xx_hal_pwr_ex.c.obj
 .ARM.attributes
                0x0000000000000475       0x2f ../../boards/NucleoL152/CMakeFiles/NucleoL152.dir/__/mcu/stm32/STM32L1xx_HAL_Driver/Src/stm32l1xx_hal_rcc.c.obj
 .ARM.attributes
                0x00000000000004a4       0x2f ../../boards/NucleoL152/CMakeFiles/NucleoL152.dir/__/mcu/stm32/STM32L1xx_HAL_Driver/Src/stm32l1xx_hal_rcc_ex.c.obj
 .ARM.attributes
                0x00000000000004d3       0x2f ../../boards/NucleoL152/CMakeFiles/NucleoL152.dir/__/mcu/stm32/STM32L1xx_HAL_Driver/Src/stm32l1xx_hal_rtc.c.obj
 .ARM.attributes
                0x0000000000000502       0x2f ../../boards/NucleoL152/CMakeFiles/NucleoL152.dir/__/mcu/stm32/STM32L1xx_HAL_Driver/Src/stm32l1xx_hal_rtc_ex.c.obj
 .ARM.attributes
                0x0000000000000531       0x2f ../../boards/NucleoL152/CMakeFiles/NucleoL152.dir/__/mcu/stm32/STM32L1xx_HAL_Driver/Src/stm32l1xx_hal_spi.c.obj
 .ARM.attributes
                0x0000000000000560       0x2f ../../boards/NucleoL152/CMakeFiles/NucleoL152.dir/__/mcu/stm32/STM32L1xx_HAL_Driver/Src/stm32l1xx_hal_spi_ex.c.obj
 .ARM.attributes
                0x000000000000058f       0x2f ../../boards/NucleoL152/CMakeFiles/NucleoL152.dir/__/mcu/stm32/STM32L1xx_HAL_Driver/Src/stm32l1xx_hal_uart.c.obj
 .ARM.attributes
                0x00000000000005be       0x2f ../../boards/NucleoL152/CMakeFiles/NucleoL152.dir/sx1272mb2das-board.c.obj
 .ARM.attributes
                0x00000000000005ed       0x2d /usr/bin/../lib/gcc/arm-none-eabi/7.3.1/../../../../arm-none-eabi/lib/thumb/v7-m/libm.a(lib_a-s_ceil.o)
 .ARM.attributes
                0x000000000000061a       0x2d /usr/bin/../lib/gcc/arm-none-eabi/7.3.1/../../../../arm-none-eabi/lib/thumb/v7-m/libm.a(lib_a-s_floor.o)
 .ARM.attributes
                0x0000000000000647       0x2d /usr/bin/../lib/gcc/arm-none-eabi/7.3.1/../../../../arm-none-eabi/lib/thumb/v7-m/libm.a(lib_a-s_round.o)
 .ARM.attributes
                0x0000000000000674       0x1d /usr/bin/../lib/gcc/arm-none-eabi/7.3.1/thumb/v7-m/libgcc.a(_arm_addsubdf3.o)
 .ARM.attributes
                0x0000000000000691       0x1d /usr/bin/../lib/gcc/arm-none-eabi/7.3.1/thumb/v7-m/libgcc.a(_arm_muldivdf3.o)
 .ARM.attributes
                0x00000000000006ae       0x1d /usr/bin/../lib/gcc/arm-none-eabi/7.3.1/thumb/v7-m/libgcc.a(_arm_cmpdf2.o)
 .ARM.attributes
                0x00000000000006cb       0x1d /usr/bin/../lib/gcc/arm-none-eabi/7.3.1/thumb/v7-m/libgcc.a(_arm_fixdfsi.o)
 .ARM.attributes
                0x00000000000006e8       0x1d /usr/bin/../lib/gcc/arm-none-eabi/7.3.1/thumb/v7-m/libgcc.a(_arm_fixunsdfsi.o)
 .ARM.attributes
                0x0000000000000705       0x1d /usr/bin/../lib/gcc/arm-none-eabi/7.3.1/thumb/v7-m/libgcc.a(_aeabi_uldivmod.o)
 .ARM.attributes
                0x0000000000000722       0x2d /usr/bin/../lib/gcc/arm-none-eabi/7.3.1/thumb/v7-m/libgcc.a(_udivmoddi4.o)
 .ARM.attributes
                0x000000000000074f       0x1d /usr/bin/../lib/gcc/arm-none-eabi/7.3.1/thumb/v7-m/libgcc.a(_dvmd_tls.o)
 .ARM.attributes